Feb 19 18:36:13 abhishekghosh sshd[5742]: Failed password for root from 116.31.116.11 port 33590 ssh2
Feb 19 18:36:14 abhishekghosh sshd[5742]: Received disconnect from 116.31.116.11: 11:  [preauth]
Feb 19 18:36:14 abhishekghosh sshd[5742]: PAM 2 more authentication failures; logname= uid=0 euid=0 tty=ssh ruser= rhost=116.31.116.11  user=root
Feb 19 18:36:14 abhishekghosh sshd[5745]: pam_unix(sshd:auth): authentication failure; logname= uid=0 euid=0 tty=ssh ruser= rhost=58.218.199.218  user=root
Feb 19 18:36:17 abhishekghosh sshd[5745]: Failed password for root from 58.218.199.218 port 27264 ssh2
Feb 19 18:36:22 abhishekghosh sshd[5745]: message repeated 2 times: [ Failed password for root from 58.218.199.218 port 27264 ssh2]
Feb 19 18:36:22 abhishekghosh sshd[5745]: Received disconnect from 58.218.199.218: 11:  [preauth]
Feb 19 18:36:22 abhishekghosh sshd[5745]: PAM 2 more authentication failures; logname= uid=0 euid=0 tty=ssh ruser= rhost=58.218.199.218  user=root
Feb 19 18:36:36 abhishekghosh sshd[5747]: error: Could not load host key: /etc/ssh/ssh_host_ed25519_key
Feb 19 18:36:40 abhishekghosh sshd[5747]: pam_unix(sshd:auth): authentication failure; logname= uid=0 euid=0 tty=ssh ruser= rhost=116.31.116.11  user=root
Feb 19 18:36:43 abhishekghosh sshd[5747]: Failed password for root from 116.31.116.11 port 55180 ssh2
Feb 19 18:36:45 abhishekghosh sshd[5749]: error: Could not load host key: /etc/ssh/ssh_host_ed25519_key
Feb 19 18:36:45 abhishekghosh sshd[5747]: Failed password for root from 116.31.116.11 port 55180 ssh2
Feb 19 18:36:47 abhishekghosh sshd[5749]: pam_unix(sshd:auth): authentication failure; logname= uid=0 euid=0 tty=ssh ruser= rhost=58.218.199.218  user=root
Feb 19 18:36:47 abhishekghosh sshd[5747]: Failed password for root from 116.31.116.11 port 55180 ssh2
Feb 19 18:36:48 abhishekghosh sshd[5747]: Received disconnect from 116.31.116.11: 11:  [preauth]
Feb 19 18:36:48 abhishekghosh sshd[5747]: PAM 2 more authentication failures; logname= uid=0 euid=0 tty=ssh ruser= rhost=116.31.116.11  user=root
Feb 19 18:36:48 abhishekghosh sshd[5749]: Failed password for root from 58.218.199.218 port 16579 ssh2
Feb 19 18:36:54 abhishekghosh sshd[5749]: message repeated 2 times: [ Failed password for root from 58.218.199.218 port 16579 ssh2]
Feb 19 18:36:55 abhishekghosh sshd[5749]: Received disconnect from 58.218.199.218: 11:  [preauth]
Feb 19 18:36:55 abhishekghosh sshd[5749]: PAM 2 more authentication failures; logname= uid=0 euid=0 tty=ssh ruser= rhost=58.218.199.218  user=root
Feb 19 18:37:15 abhishekghosh sshd[5751]: error: Could not load host key: /etc/ssh/ssh_host_ed25519_key
Feb 19 18:37:19 abhishekghosh sshd[5753]: error: Could not load host key: /etc/ssh/ssh_host_ed25519_key
Feb 19 18:37:19 abhishekghosh sshd[5751]: pam_unix(sshd:auth): authentication failure; logname= uid=0 euid=0 tty=ssh ruser= rhost=116.31.116.11  user=root
Feb 19 18:37:20 abhishekghosh sshd[5753]: pam_unix(sshd:auth): authentication failure; logname= uid=0 euid=0 tty=ssh ruser= rhost=58.218.199.218  user=root
Feb 19 18:37:21 abhishekghosh sshd[5751]: Failed password for root from 116.31.116.11 port 36697 ssh2
Feb 19 18:37:23 abhishekghosh sshd[5753]: Failed password for root from 58.218.199.218 port 55203 ssh2
Feb 19 18:37:24 abhishekghosh sshd[5751]: Failed password for root from 116.31.116.11 port 36697 ssh2
Feb 19 18:37:25 abhishekghosh sshd[5753]: Failed password for root from 58.218.199.218 port 55203 ssh2
Feb 19 18:37:26 abhishekghosh sshd[5751]: Failed password for root from 116.31.116.11 port 36697 ssh2
Feb 19 18:37:27 abhishekghosh sshd[5751]: Received disconnect from 116.31.116.11: 11:  [preauth]
Feb 19 18:37:27 abhishekghosh sshd[5751]: PAM 2 more authentication failures; logname= uid=0 euid=0 tty=ssh ruser= rhost=116.31.116.11  user=root
Feb 19 18:37:27 abhishekghosh sshd[5753]: Failed password for root from 58.218.199.218 port 55203 ssh2
Feb 19 18:37:28 abhishekghosh sshd[5753]: Received disconnect from 58.218.199.218: 11:  [preauth]
Feb 19 18:37:28 abhishekghosh sshd[5753]: PAM 2 more authentication failures; logname= uid=0 euid=0 tty=ssh ruser= rhost=58.218.199.218  user=root
Feb 19 18:37:36 abhishekghosh sshd[5744]: Received signal 15; terminating.
Feb 19 18:37:36 abhishekghosh sshd[5756]: Server listening on 0.0.0.0 port 22.
Feb 19 18:37:36 abhishekghosh sshd[5756]: Server listening on :: port 22.
Feb 19 18:37:53 abhishekghosh sshd[5759]: error: Could not load host key: /etc/ssh/ssh_host_ed25519_key
Feb 19 18:37:53 abhishekghosh sshd[5761]: error: Could not load host key: /etc/ssh/ssh_host_ed25519_key
Feb 19 18:37:56 abhishekghosh sshd[5759]: pam_unix(sshd:auth): authentication failure; logname= uid=0 euid=0 tty=ssh ruser= rhost=58.218.199.218  user=root
Feb 19 18:37:58 abhishekghosh sshd[5759]: Failed password for root from 58.218.199.218 port 38550 ssh2
Feb 19 18:38:00 abhishekghosh sshd[5759]: Failed password for root from 58.218.199.218 port 38550 ssh2
Feb 19 18:38:01 abhishekghosh sshd[5761]: pam_unix(sshd:auth): authentication failure; logname= uid=0 euid=0 tty=ssh ruser= rhost=116.31.116.11  user=root
Feb 19 18:38:03 abhishekghosh sshd[5761]: Failed password for root from 116.31.116.11 port 58663 ssh2
Feb 19 18:38:03 abhishekghosh sshd[5759]: Failed password for root from 58.218.199.218 port 38550 ssh2
Feb 19 18:38:03 abhishekghosh sshd[5759]: Received disconnect from 58.218.199.218: 11:  [preauth]
Feb 19 18:38:03 abhishekghosh sshd[5759]: PAM 2 more authentication failures; logname= uid=0 euid=0 tty=ssh ruser= rhost=58.218.199.218  user=root
Feb 19 18:38:06 abhishekghosh sshd[5761]: Failed password for root from 116.31.116.11 port 58663 ssh2
Feb 19 18:38:08 abhishekghosh sshd[5761]: Failed password for root from 116.31.116.11 port 58663 ssh2
Feb 19 18:38:09 abhishekghosh sshd[5761]: Received disconnect from 116.31.116.11: 11:  [preauth]
Feb 19 18:38:09 abhishekghosh sshd[5761]: PAM 2 more authentication failures; logname= uid=0 euid=0 tty=ssh ruser= rhost=116.31.116.11  user=root
Feb 19 18:38:25 abhishekghosh sshd[5763]: error: Could not load host key: /etc/ssh/ssh_host_ed25519_key
Feb 19 18:38:30 abhishekghosh sshd[5763]: pam_unix(sshd:auth): authentication failure; logname= uid=0 euid=0 tty=ssh ruser= rhost=58.218.199.218  user=root
Feb 19 18:38:31 abhishekghosh sshd[5766]: error: Could not load host key: /etc/ssh/ssh_host_ed25519_key
Feb 19 18:38:32 abhishekghosh sshd[5763]: Failed password for root from 58.218.199.218 port 22601 ssh2
Feb 19 18:38:36 abhishekghosh sshd[5763]: message repeated 2 times: [ Failed password for root from 58.218.199.218 port 22601 ssh2]
Feb 19 18:38:37 abhishekghosh sshd[5763]: Received disconnect from 58.218.199.218: 11:  [preauth]
Feb 19 18:38:37 abhishekghosh sshd[5763]: PAM 2 more authentication failures; logname= uid=0 euid=0 tty=ssh ruser= rhost=58.218.199.218  user=root
Feb 19 18:38:40 abhishekghosh sshd[5766]: Connection closed by 116.31.116.11 [preauth]
Feb 19 18:38:57 abhishekghosh sshd[5768]: error: Could not load host key: /etc/ssh/ssh_host_ed25519_key
Feb 19 18:39:00 abhishekghosh sshd[5768]: pam_unix(sshd:auth): authentication failure; logname= uid=0 euid=0 tty=ssh ruser= rhost=58.218.199.218  user=root
Feb 19 18:39:01 abhishekghosh CRON[5770]: pam_unix(cron:session): session opened for user root by (uid=0)
Feb 19 18:39:01 abhishekghosh CRON[5770]: pam_unix(cron:session): session closed for user root
Feb 19 18:39:02 abhishekghosh sshd[5768]: Failed password for root from 58.218.199.218 port 62097 ssh2
Feb 19 18:39:06 abhishekghosh sshd[5768]: message repeated 2 times: [ Failed password for root from 58.218.199.218 port 62097 ssh2]
Feb 19 18:39:06 abhishekghosh sshd[5756]: Received signal 15; terminating.
Feb 19 18:39:07 abhishekghosh sshd[5812]: Server listening on 0.0.0.0 port 22.
Feb 19 18:39:07 abhishekghosh sshd[5812]: Server listening on :: port 22.
Feb 19 18:39:07 abhishekghosh sshd[5768]: Received disconnect from 58.218.199.218: 11:  [preauth]
Feb 19 18:39:07 abhishekghosh sshd[5768]: PAM 2 more authentication failures; logname= uid=0 euid=0 tty=ssh ruser= rhost=58.218.199.218  user=root
Feb 19 18:39:08 abhishekghosh sshd[5813]: error: Could not load host key: /etc/ssh/ssh_host_ed25519_key
Feb 19 18:39:10 abhishekghosh sshd[5813]: pam_unix(sshd:auth): authentication failure; logname= uid=0 euid=0 tty=ssh ruser= rhost=116.31.116.11  user=root
Feb 19 18:39:13 abhishekghosh sshd[5813]: Failed password for root from 116.31.116.11 port 11293 ssh2
Feb 19 18:39:18 abhishekghosh sshd[5813]: message repeated 2 times: [ Failed password for root from 116.31.116.11 port 11293 ssh2]
Feb 19 18:39:18 abhishekghosh sshd[5813]: Received disconnect from 116.31.116.11: 11:  [preauth]
Feb 19 18:39:18 abhishekghosh sshd[5813]: PAM 2 more authentication failures; logname= uid=0 euid=0 tty=ssh ruser= rhost=116.31.116.11  user=root
Feb 19 18:39:30 abhishekghosh sshd[5815]: error: Could not load host key: /etc/ssh/ssh_host_ed25519_key
Feb 19 18:39:32 abhishekghosh sshd[5815]: pam_unix(sshd:auth): authentication failure; logname= uid=0 euid=0 tty=ssh ruser= rhost=58.218.199.218  user=root
Feb 19 18:39:34 abhishekghosh sshd[5815]: Failed password for root from 58.218.199.218 port 44656 ssh2
Feb 19 18:39:39 abhishekghosh sshd[5815]: message repeated 2 times: [ Failed password for root from 58.218.199.218 port 44656 ssh2]
Feb 19 18:39:39 abhishekghosh sshd[5815]: Received disconnect from 58.218.199.218: 11:  [preauth]
Feb 19 18:39:39 abhishekghosh sshd[5815]: PAM 2 more authentication failures; logname= uid=0 euid=0 tty=ssh ruser= rhost=58.218.199.218  user=root
Feb 19 18:39:46 abhishekghosh sshd[5817]: error: Could not load host key: /etc/ssh/ssh_host_ed25519_key
Feb 19 18:39:50 abhishekghosh sshd[5817]: pam_unix(sshd:auth): authentication failure; logname= uid=0 euid=0 tty=ssh ruser= rhost=116.31.116.11  user=root
Feb 19 18:39:52 abhishekghosh sshd[5817]: Failed password for root from 116.31.116.11 port 56277 ssh2
Feb 19 18:39:57 abhishekghosh sshd[5817]: message repeated 2 times: [ Failed password for root from 116.31.116.11 port 56277 ssh2]
Feb 19 18:40:00 abhishekghosh sshd[5817]: Received disconnect from 116.31.116.11: 11:  [preauth]
Feb 19 18:40:00 abhishekghosh sshd[5817]: PAM 2 more authentication failures; logname= uid=0 euid=0 tty=ssh ruser= rhost=116.31.116.11  user=root
Feb 19 18:40:04 abhishekghosh sshd[5819]: error: Could not load host key: /etc/ssh/ssh_host_ed25519_key
Feb 19 18:40:07 abhishekghosh sshd[5819]: pam_unix(sshd:auth): authentication failure; logname= uid=0 euid=0 tty=ssh ruser= rhost=58.218.199.218  user=root
Feb 19 18:40:09 abhishekghosh sshd[5819]: Failed password for root from 58.218.199.218 port 29285 ssh2
Feb 19 18:40:14 abhishekghosh sshd[5819]: message repeated 2 times: [ Failed password for root from 58.218.199.218 port 29285 ssh2]
Feb 19 18:40:14 abhishekghosh sshd[5819]: Received disconnect from 58.218.199.218: 11:  [preauth]
Feb 19 18:40:14 abhishekghosh sshd[5819]: PAM 2 more authentication failures; logname= uid=0 euid=0 tty=ssh ruser= rhost=58.218.199.218  user=root
Feb 19 18:40:23 abhishekghosh sshd[5821]: error: Could not load host key: /etc/ssh/ssh_host_ed25519_key
Feb 19 18:40:27 abhishekghosh sshd[5821]: pam_unix(sshd:auth): authentication failure; logname= uid=0 euid=0 tty=ssh ruser= rhost=116.31.116.11  user=root
Feb 19 18:40:29 abhishekghosh sshd[5821]: Failed password for root from 116.31.116.11 port 28832 ssh2
Feb 19 18:40:34 abhishekghosh sshd[5821]: message repeated 2 times: [ Failed password for root from 116.31.116.11 port 28832 ssh2]
Feb 19 18:40:35 abhishekghosh sshd[5821]: Received disconnect from 116.31.116.11: 11:  [preauth]
Feb 19 18:40:35 abhishekghosh sshd[5821]: PAM 2 more authentication failures; logname= uid=0 euid=0 tty=ssh ruser= rhost=116.31.116.11  user=root
Feb 19 18:40:37 abhishekghosh sshd[5823]: error: Could not load host key: /etc/ssh/ssh_host_ed25519_key
Feb 19 18:40:37 abhishekghosh sshd[5812]: Received signal 15; terminating.
Feb 19 18:40:37 abhishekghosh sshd[5825]: Server listening on 0.0.0.0 port 22.
Feb 19 18:40:37 abhishekghosh sshd[5825]: Server listening on :: port 22.
Feb 19 18:40:42 abhishekghosh sshd[5823]: Received disconnect from 58.218.199.218: 11:  [preauth]
Feb 19 18:40:59 abhishekghosh sshd[5826]: error: Could not load host key: /etc/ssh/ssh_host_ed25519_key
Feb 19 18:41:01 abhishekghosh sshd[5826]: pam_unix(sshd:auth): authentication failure; logname= uid=0 euid=0 tty=ssh ruser= rhost=116.31.116.11  user=root
Feb 19 18:41:03 abhishekghosh sshd[5826]: Failed password for root from 116.31.116.11 port 61784 ssh2
Feb 19 18:41:08 abhishekghosh sshd[5826]: message repeated 2 times: [ Failed password for root from 116.31.116.11 port 61784 ssh2]
Feb 19 18:41:08 abhishekghosh sshd[5826]: Received disconnect from 116.31.116.11: 11:  [preauth]
Feb 19 18:41:08 abhishekghosh sshd[5826]: PAM 2 more authentication failures; logname= uid=0 euid=0 tty=ssh ruser= rhost=116.31.116.11  user=root
Feb 19 18:41:12 abhishekghosh sshd[5828]: error: Could not load host key: /etc/ssh/ssh_host_ed25519_key
Feb 19 18:41:14 abhishekghosh sshd[5828]: pam_unix(sshd:auth): authentication failure; logname= uid=0 euid=0 tty=ssh ruser= rhost=58.218.199.218  user=root
Feb 19 18:41:16 abhishekghosh sshd[5828]: Failed password for root from 58.218.199.218 port 55300 ssh2
Feb 19 18:41:21 abhishekghosh sshd[5828]: message repeated 2 times: [ Failed password for root from 58.218.199.218 port 55300 ssh2]
Feb 19 18:41:21 abhishekghosh sshd[5828]: Received disconnect from 58.218.199.218: 11:  [preauth]
Feb 19 18:41:21 abhishekghosh sshd[5828]: PAM 2 more authentication failures; logname= uid=0 euid=0 tty=ssh ruser= rhost=58.218.199.218  user=root
Feb 19 18:41:34 abhishekghosh sshd[5830]: error: Could not load host key: /etc/ssh/ssh_host_ed25519_key
Feb 19 18:41:37 abhishekghosh sshd[5830]: pam_unix(sshd:auth): authentication failure; logname= uid=0 euid=0 tty=ssh ruser= rhost=116.31.116.11  user=root
Feb 19 18:41:39 abhishekghosh sshd[5830]: Failed password for root from 116.31.116.11 port 34707 ssh2
Feb 19 18:41:41 abhishekghosh sshd[5830]: Failed password for root from 116.31.116.11 port 34707 ssh2
Feb 19 18:41:43 abhishekghosh sshd[5832]: error: Could not load host key: /etc/ssh/ssh_host_ed25519_key
Feb 19 18:41:43 abhishekghosh sshd[5830]: Failed password for root from 116.31.116.11 port 34707 ssh2
Feb 19 18:41:44 abhishekghosh sshd[5830]: Received disconnect from 116.31.116.11: 11:  [preauth]
Feb 19 18:41:44 abhishekghosh sshd[5830]: PAM 2 more authentication failures; logname= uid=0 euid=0 tty=ssh ruser= rhost=116.31.116.11  user=root
Feb 19 18:41:45 abhishekghosh sshd[5832]: pam_unix(sshd:auth): authentication failure; logname= uid=0 euid=0 tty=ssh ruser= rhost=58.218.199.218  user=root
Feb 19 18:41:47 abhishekghosh sshd[5832]: Failed password for root from 58.218.199.218 port 30667 ssh2
Feb 19 18:41:53 abhishekghosh sshd[5832]: message repeated 2 times: [ Failed password for root from 58.218.199.218 port 30667 ssh2]
Feb 19 18:41:53 abhishekghosh sshd[5832]: Received disconnect from 58.218.199.218: 11:  [preauth]
Feb 19 18:41:53 abhishekghosh sshd[5832]: PAM 2 more authentication failures; logname= uid=0 euid=0 tty=ssh ruser= rhost=58.218.199.218  user=root
Feb 19 18:42:07 abhishekghosh sshd[5825]: Received signal 15; terminating.
Feb 19 18:42:08 abhishekghosh sshd[5836]: Server listening on 0.0.0.0 port 22.
Feb 19 18:42:08 abhishekghosh sshd[5836]: Server listening on :: port 22.
Feb 19 18:42:12 abhishekghosh sshd[5839]: error: Could not load host key: /etc/ssh/ssh_host_ed25519_key
Feb 19 18:42:15 abhishekghosh sshd[5841]: error: Could not load host key: /etc/ssh/ssh_host_ed25519_key
Feb 19 18:42:16 abhishekghosh sshd[5839]: pam_unix(sshd:auth): authentication failure; logname= uid=0 euid=0 tty=ssh ruser= rhost=116.31.116.11  user=root
Feb 19 18:42:18 abhishekghosh sshd[5839]: Failed password for root from 116.31.116.11 port 26312 ssh2
Feb 19 18:42:21 abhishekghosh sshd[5841]: Connection closed by 58.218.199.218 [preauth]
Feb 19 18:42:22 abhishekghosh sshd[5839]: Failed password for root from 116.31.116.11 port 26312 ssh2
Feb 19 18:42:25 abhishekghosh sshd[5839]: Failed password for root from 116.31.116.11 port 26312 ssh2
Feb 19 18:42:26 abhishekghosh sshd[5839]: Received disconnect from 116.31.116.11: 11:  [preauth]
Feb 19 18:42:26 abhishekghosh sshd[5839]: PAM 2 more authentication failures; logname= uid=0 euid=0 tty=ssh ruser= rhost=116.31.116.11  user=root
Feb 19 18:42:50 abhishekghosh sshd[5843]: error: Could not load host key: /etc/ssh/ssh_host_ed25519_key
Feb 19 18:42:51 abhishekghosh sshd[5845]: error: Could not load host key: /etc/ssh/ssh_host_ed25519_key
Feb 19 18:42:53 abhishekghosh sshd[5843]: pam_unix(sshd:auth): authentication failure; logname= uid=0 euid=0 tty=ssh ruser= rhost=58.218.199.218  user=root
Feb 19 18:42:54 abhishekghosh sshd[5843]: Failed password for root from 58.218.199.218 port 58454 ssh2
Feb 19 18:42:55 abhishekghosh sshd[5845]: pam_unix(sshd:auth): authentication failure; logname= uid=0 euid=0 tty=ssh ruser= rhost=116.31.116.11  user=root
Feb 19 18:42:57 abhishekghosh sshd[5843]: Failed password for root from 58.218.199.218 port 58454 ssh2
Feb 19 18:42:57 abhishekghosh sshd[5845]: Failed password for root from 116.31.116.11 port 63710 ssh2
Feb 19 18:42:59 abhishekghosh sshd[5843]: Failed password for root from 58.218.199.218 port 58454 ssh2
Feb 19 18:43:00 abhishekghosh sshd[5843]: Received disconnect from 58.218.199.218: 11:  [preauth]
Feb 19 18:43:00 abhishekghosh sshd[5843]: PAM 2 more authentication failures; logname= uid=0 euid=0 tty=ssh ruser= rhost=58.218.199.218  user=root
Feb 19 18:43:01 abhishekghosh sshd[5845]: Failed password for root from 116.31.116.11 port 63710 ssh2
Feb 19 18:43:04 abhishekghosh sshd[5845]: Failed password for root from 116.31.116.11 port 63710 ssh2
Feb 19 18:43:05 abhishekghosh sshd[5845]: Received disconnect from 116.31.116.11: 11:  [preauth]
Feb 19 18:43:05 abhishekghosh sshd[5845]: PAM 2 more authentication failures; logname= uid=0 euid=0 tty=ssh ruser= rhost=116.31.116.11  user=root
Feb 19 18:43:23 abhishekghosh sshd[5847]: error: Could not load host key: /etc/ssh/ssh_host_ed25519_key
Feb 19 18:43:25 abhishekghosh sshd[5847]: pam_unix(sshd:auth): authentication failure; logname= uid=0 euid=0 tty=ssh ruser= rhost=58.218.199.218  user=root
Feb 19 18:43:27 abhishekghosh sshd[5847]: Failed password for root from 58.218.199.218 port 38043 ssh2
Feb 19 18:43:28 abhishekghosh sshd[5849]: error: Could not load host key: /etc/ssh/ssh_host_ed25519_key
Feb 19 18:43:30 abhishekghosh sshd[5847]: Failed password for root from 58.218.199.218 port 38043 ssh2
Feb 19 18:43:32 abhishekghosh sshd[5847]: Failed password for root from 58.218.199.218 port 38043 ssh2
Feb 19 18:43:32 abhishekghosh sshd[5847]: Received disconnect from 58.218.199.218: 11:  [preauth]
Feb 19 18:43:32 abhishekghosh sshd[5847]: PAM 2 more authentication failures; logname= uid=0 euid=0 tty=ssh ruser= rhost=58.218.199.218  user=root
Feb 19 18:43:34 abhishekghosh sshd[5849]: pam_unix(sshd:auth): authentication failure; logname= uid=0 euid=0 tty=ssh ruser= rhost=116.31.116.11  user=root
Feb 19 18:43:37 abhishekghosh sshd[5849]: Failed password for root from 116.31.116.11 port 45599 ssh2
Feb 19 18:43:38 abhishekghosh sshd[5836]: Received signal 15; terminating.
Feb 19 18:43:38 abhishekghosh sshd[5852]: Server listening on 0.0.0.0 port 22.
Feb 19 18:43:38 abhishekghosh sshd[5852]: Server listening on :: port 22.
Feb 19 18:43:39 abhishekghosh sshd[5849]: Failed password for root from 116.31.116.11 port 45599 ssh2
Feb 19 18:43:43 abhishekghosh sshd[5849]: Failed password for root from 116.31.116.11 port 45599 ssh2
Feb 19 18:43:43 abhishekghosh sshd[5849]: Received disconnect from 116.31.116.11: 11:  [preauth]
Feb 19 18:43:43 abhishekghosh sshd[5849]: PAM 2 more authentication failures; logname= uid=0 euid=0 tty=ssh ruser= rhost=116.31.116.11  user=root
Feb 19 18:43:57 abhishekghosh sshd[5853]: error: Could not load host key: /etc/ssh/ssh_host_ed25519_key
Feb 19 18:43:59 abhishekghosh sshd[5853]: pam_unix(sshd:auth): authentication failure; logname= uid=0 euid=0 tty=ssh ruser= rhost=58.218.199.218  user=root
Feb 19 18:44:00 abhishekghosh sshd[5853]: Failed password for root from 58.218.199.218 port 18408 ssh2
Feb 19 18:44:02 abhishekghosh sshd[5853]: Failed password for root from 58.218.199.218 port 18408 ssh2
Feb 19 18:44:04 abhishekghosh sshd[5855]: error: Could not load host key: /etc/ssh/ssh_host_ed25519_key
Feb 19 18:44:05 abhishekghosh sshd[5853]: Failed password for root from 58.218.199.218 port 18408 ssh2
Feb 19 18:44:06 abhishekghosh sshd[5853]: Received disconnect from 58.218.199.218: 11:  [preauth]
Feb 19 18:44:06 abhishekghosh sshd[5853]: PAM 2 more authentication failures; logname= uid=0 euid=0 tty=ssh ruser= rhost=58.218.199.218  user=root
Feb 19 18:44:08 abhishekghosh sshd[5855]: pam_unix(sshd:auth): authentication failure; logname= uid=0 euid=0 tty=ssh ruser= rhost=116.31.116.11  user=root
Feb 19 18:44:10 abhishekghosh sshd[5855]: Failed password for root from 116.31.116.11 port 22162 ssh2
Feb 19 18:44:17 abhishekghosh sshd[5855]: message repeated 2 times: [ Failed password for root from 116.31.116.11 port 22162 ssh2]
Feb 19 18:44:19 abhishekghosh sshd[5855]: Received disconnect from 116.31.116.11: 11:  [preauth]
Feb 19 18:44:19 abhishekghosh sshd[5855]: PAM 2 more authentication failures; logname= uid=0 euid=0 tty=ssh ruser= rhost=116.31.116.11  user=root
Feb 19 18:44:31 abhishekghosh sshd[5857]: error: Could not load host key: /etc/ssh/ssh_host_ed25519_key
Feb 19 18:44:34 abhishekghosh sshd[5857]: pam_unix(sshd:auth): authentication failure; logname= uid=0 euid=0 tty=ssh ruser= rhost=58.218.199.218  user=root
Feb 19 18:44:35 abhishekghosh sshd[5857]: Failed password for root from 58.218.199.218 port 59364 ssh2
Feb 19 18:44:42 abhishekghosh sshd[5857]: message repeated 2 times: [ Failed password for root from 58.218.199.218 port 59364 ssh2]
Feb 19 18:44:42 abhishekghosh sshd[5857]: Received disconnect from 58.218.199.218: 11:  [preauth]
Feb 19 18:44:42 abhishekghosh sshd[5857]: PAM 2 more authentication failures; logname= uid=0 euid=0 tty=ssh ruser= rhost=58.218.199.218  user=root
Feb 19 18:44:43 abhishekghosh sshd[5859]: error: Could not load host key: /etc/ssh/ssh_host_ed25519_key
Feb 19 18:44:46 abhishekghosh sshd[5861]: error: Could not load host key: /etc/ssh/ssh_host_ed25519_key
Feb 19 18:44:46 abhishekghosh sshd[5859]: pam_unix(sshd:auth): authentication failure; logname= uid=0 euid=0 tty=ssh ruser= rhost=116.31.116.11  user=root
Feb 19 18:44:48 abhishekghosh sshd[5859]: Failed password for root from 116.31.116.11 port 63968 ssh2
Feb 19 18:44:49 abhishekghosh sshd[5861]: Invalid user system from 221.215.160.138
Feb 19 18:44:49 abhishekghosh sshd[5861]: input_userauth_request: invalid user system [preauth]
Feb 19 18:44:49 abhishekghosh sshd[5861]: pam_unix(sshd:auth): check pass; user unknown
Feb 19 18:44:49 abhishekghosh sshd[5861]: pam_unix(sshd:auth): authentication failure; logname= uid=0 euid=0 tty=ssh ruser= rhost=221.215.160.138
Feb 19 18:44:51 abhishekghosh sshd[5861]: Failed password for invalid user system from 221.215.160.138 port 61747 ssh2
Feb 19 18:44:51 abhishekghosh sshd[5859]: Failed password for root from 116.31.116.11 port 63968 ssh2
Feb 19 18:44:51 abhishekghosh sshd[5861]: pam_unix(sshd:auth): check pass; user unknown
Feb 19 18:44:54 abhishekghosh sshd[5861]: Failed password for invalid user system from 221.215.160.138 port 61747 ssh2
Feb 19 18:44:54 abhishekghosh sshd[5859]: Failed password for root from 116.31.116.11 port 63968 ssh2
Feb 19 18:44:54 abhishekghosh sshd[5861]: pam_unix(sshd:auth): check pass; user unknown
Feb 19 18:44:54 abhishekghosh sshd[5859]: Received disconnect from 116.31.116.11: 11:  [preauth]
Feb 19 18:44:54 abhishekghosh sshd[5859]: PAM 2 more authentication failures; logname= uid=0 euid=0 tty=ssh ruser= rhost=116.31.116.11  user=root
Feb 19 18:44:56 abhishekghosh sshd[5861]: Failed password for invalid user system from 221.215.160.138 port 61747 ssh2
Feb 19 18:44:57 abhishekghosh sshd[5861]: Connection closed by 221.215.160.138 [preauth]
Feb 19 18:44:57 abhishekghosh sshd[5861]: PAM 2 more authentication failures; logname= uid=0 euid=0 tty=ssh ruser= rhost=221.215.160.138
Feb 19 18:45:04 abhishekghosh sshd[5863]: error: Could not load host key: /etc/ssh/ssh_host_ed25519_key
Feb 19 18:45:06 abhishekghosh sshd[5863]: pam_unix(sshd:auth): authentication failure; logname= uid=0 euid=0 tty=ssh ruser= rhost=58.218.199.218  user=root
Feb 19 18:45:08 abhishekghosh sshd[5863]: Failed password for root from 58.218.199.218 port 47027 ssh2
Feb 19 18:45:08 abhishekghosh sshd[5852]: Received signal 15; terminating.
Feb 19 18:45:09 abhishekghosh sshd[5865]: Server listening on 0.0.0.0 port 22.
Feb 19 18:45:09 abhishekghosh sshd[5865]: Server listening on :: port 22.
Feb 19 18:45:10 abhishekghosh sshd[5863]: Failed password for root from 58.218.199.218 port 47027 ssh2
Feb 19 18:45:12 abhishekghosh sshd[5863]: Failed password for root from 58.218.199.218 port 47027 ssh2
Feb 19 18:45:13 abhishekghosh sshd[5863]: Received disconnect from 58.218.199.218: 11:  [preauth]
Feb 19 18:45:13 abhishekghosh sshd[5863]: PAM 2 more authentication failures; logname= uid=0 euid=0 tty=ssh ruser= rhost=58.218.199.218  user=root
Feb 19 18:45:20 abhishekghosh sshd[5866]: error: Could not load host key: /etc/ssh/ssh_host_ed25519_key
Feb 19 18:45:22 abhishekghosh sshd[5866]: pam_unix(sshd:auth): authentication failure; logname= uid=0 euid=0 tty=ssh ruser= rhost=116.31.116.11  user=root
Feb 19 18:45:25 abhishekghosh sshd[5866]: Failed password for root from 116.31.116.11 port 34853 ssh2
Feb 19 18:45:30 abhishekghosh sshd[5866]: message repeated 2 times: [ Failed password for root from 116.31.116.11 port 34853 ssh2]
Feb 19 18:45:31 abhishekghosh sshd[5866]: Received disconnect from 116.31.116.11: 11:  [preauth]
Feb 19 18:45:31 abhishekghosh sshd[5866]: PAM 2 more authentication failures; logname= uid=0 euid=0 tty=ssh ruser= rhost=116.31.116.11  user=root
Feb 19 18:45:37 abhishekghosh sshd[5868]: error: Could not load host key: /etc/ssh/ssh_host_ed25519_key
Feb 19 18:45:41 abhishekghosh sshd[5868]: pam_unix(sshd:auth): authentication failure; logname= uid=0 euid=0 tty=ssh ruser= rhost=58.218.199.218  user=root
Feb 19 18:45:42 abhishekghosh sshd[5868]: Failed password for root from 58.218.199.218 port 39632 ssh2
Feb 19 18:45:47 abhishekghosh sshd[5868]: message repeated 2 times: [ Failed password for root from 58.218.199.218 port 39632 ssh2]
Feb 19 18:45:47 abhishekghosh sshd[5868]: Received disconnect from 58.218.199.218: 11:  [preauth]
Feb 19 18:45:47 abhishekghosh sshd[5868]: PAM 2 more authentication failures; logname= uid=0 euid=0 tty=ssh ruser= rhost=58.218.199.218  user=root
Feb 19 18:45:57 abhishekghosh sshd[5870]: error: Could not load host key: /etc/ssh/ssh_host_ed25519_key
Feb 19 18:46:01 abhishekghosh sshd[5870]: pam_unix(sshd:auth): authentication failure; logname= uid=0 euid=0 tty=ssh ruser= rhost=116.31.116.11  user=root
Feb 19 18:46:02 abhishekghosh sshd[5870]: Failed password for root from 116.31.116.11 port 64397 ssh2
Feb 19 18:46:07 abhishekghosh sshd[5870]: message repeated 2 times: [ Failed password for root from 116.31.116.11 port 64397 ssh2]
Feb 19 18:46:07 abhishekghosh sshd[5870]: Received disconnect from 116.31.116.11: 11:  [preauth]
Feb 19 18:46:07 abhishekghosh sshd[5870]: PAM 2 more authentication failures; logname= uid=0 euid=0 tty=ssh ruser= rhost=116.31.116.11  user=root
Feb 19 18:46:09 abhishekghosh sshd[5872]: error: Could not load host key: /etc/ssh/ssh_host_ed25519_key
Feb 19 18:46:11 abhishekghosh sshd[5872]: pam_unix(sshd:auth): authentication failure; logname= uid=0 euid=0 tty=ssh ruser= rhost=58.218.199.218  user=root
Feb 19 18:46:13 abhishekghosh sshd[5872]: Failed password for root from 58.218.199.218 port 11851 ssh2
Feb 19 18:46:17 abhishekghosh sshd[5872]: message repeated 2 times: [ Failed password for root from 58.218.199.218 port 11851 ssh2]
Feb 19 18:46:18 abhishekghosh sshd[5872]: Received disconnect from 58.218.199.218: 11:  [preauth]
Feb 19 18:46:18 abhishekghosh sshd[5872]: PAM 2 more authentication failures; logname= uid=0 euid=0 tty=ssh ruser= rhost=58.218.199.218  user=root
Feb 19 18:46:35 abhishekghosh sshd[5874]: error: Could not load host key: /etc/ssh/ssh_host_ed25519_key
Feb 19 18:46:39 abhishekghosh sshd[5865]: Received signal 15; terminating.
Feb 19 18:46:39 abhishekghosh sshd[5876]: Server listening on 0.0.0.0 port 22.
Feb 19 18:46:39 abhishekghosh sshd[5876]: Server listening on :: port 22.
Feb 19 18:46:42 abhishekghosh sshd[5877]: error: Could not load host key: /etc/ssh/ssh_host_ed25519_key
Feb 19 18:46:43 abhishekghosh sshd[5874]: pam_unix(sshd:auth): authentication failure; logname= uid=0 euid=0 tty=ssh ruser= rhost=116.31.116.11  user=root
Feb 19 18:46:44 abhishekghosh sshd[5874]: Failed password for root from 116.31.116.11 port 45090 ssh2
Feb 19 18:46:47 abhishekghosh sshd[5877]: pam_unix(sshd:auth): authentication failure; logname= uid=0 euid=0 tty=ssh ruser= rhost=58.218.199.218  user=root
Feb 19 18:46:47 abhishekghosh sshd[5874]: Failed password for root from 116.31.116.11 port 45090 ssh2
Feb 19 18:46:48 abhishekghosh sshd[5877]: Failed password for root from 58.218.199.218 port 51279 ssh2
Feb 19 18:46:50 abhishekghosh sshd[5877]: Failed password for root from 58.218.199.218 port 51279 ssh2
Feb 19 18:46:51 abhishekghosh sshd[5874]: Failed password for root from 116.31.116.11 port 45090 ssh2
Feb 19 18:46:51 abhishekghosh sshd[5874]: Received disconnect from 116.31.116.11: 11:  [preauth]
Feb 19 18:46:51 abhishekghosh sshd[5874]: PAM 2 more authentication failures; logname= uid=0 euid=0 tty=ssh ruser= rhost=116.31.116.11  user=root
Feb 19 18:46:52 abhishekghosh sshd[5877]: Failed password for root from 58.218.199.218 port 51279 ssh2
Feb 19 18:46:52 abhishekghosh sshd[5877]: Received disconnect from 58.218.199.218: 11:  [preauth]
Feb 19 18:46:52 abhishekghosh sshd[5877]: PAM 2 more authentication failures; logname= uid=0 euid=0 tty=ssh ruser= rhost=58.218.199.218  user=root
Feb 19 18:47:11 abhishekghosh sshd[5879]: error: Could not load host key: /etc/ssh/ssh_host_ed25519_key
Feb 19 18:47:14 abhishekghosh sshd[5881]: error: Could not load host key: /etc/ssh/ssh_host_ed25519_key
Feb 19 18:47:15 abhishekghosh sshd[5879]: pam_unix(sshd:auth): authentication failure; logname= uid=0 euid=0 tty=ssh ruser= rhost=116.31.116.11  user=root
Feb 19 18:47:16 abhishekghosh sshd[5881]: pam_unix(sshd:auth): authentication failure; logname= uid=0 euid=0 tty=ssh ruser= rhost=58.218.199.218  user=root
Feb 19 18:47:17 abhishekghosh sshd[5879]: Failed password for root from 116.31.116.11 port 23287 ssh2
Feb 19 18:47:19 abhishekghosh sshd[5881]: Failed password for root from 58.218.199.218 port 31024 ssh2
Feb 19 18:47:19 abhishekghosh sshd[5879]: Failed password for root from 116.31.116.11 port 23287 ssh2
Feb 19 18:47:21 abhishekghosh sshd[5879]: Failed password for root from 116.31.116.11 port 23287 ssh2
Feb 19 18:47:21 abhishekghosh sshd[5879]: Received disconnect from 116.31.116.11: 11:  [preauth]
Feb 19 18:47:21 abhishekghosh sshd[5879]: PAM 2 more authentication failures; logname= uid=0 euid=0 tty=ssh ruser= rhost=116.31.116.11  user=root
Feb 19 18:47:22 abhishekghosh sshd[5881]: Failed password for root from 58.218.199.218 port 31024 ssh2
Feb 19 18:47:24 abhishekghosh sshd[5881]: Failed password for root from 58.218.199.218 port 31024 ssh2
Feb 19 18:47:25 abhishekghosh sshd[5881]: Received disconnect from 58.218.199.218: 11:  [preauth]
Feb 19 18:47:25 abhishekghosh sshd[5881]: PAM 2 more authentication failures; logname= uid=0 euid=0 tty=ssh ruser= rhost=58.218.199.218  user=root
Feb 19 18:47:45 abhishekghosh sshd[5883]: error: Could not load host key: /etc/ssh/ssh_host_ed25519_key
Feb 19 18:47:48 abhishekghosh sshd[5885]: error: Could not load host key: /etc/ssh/ssh_host_ed25519_key
Feb 19 18:47:49 abhishekghosh sshd[5883]: pam_unix(sshd:auth): authentication failure; logname= uid=0 euid=0 tty=ssh ruser= rhost=116.31.116.11  user=root
Feb 19 18:47:50 abhishekghosh sshd[5883]: Failed password for root from 116.31.116.11 port 35179 ssh2
Feb 19 18:47:51 abhishekghosh sshd[5885]: pam_unix(sshd:auth): authentication failure; logname= uid=0 euid=0 tty=ssh ruser= rhost=58.218.199.218  user=root
Feb 19 18:47:53 abhishekghosh sshd[5885]: Failed password for root from 58.218.199.218 port 24287 ssh2
Feb 19 18:47:53 abhishekghosh sshd[5883]: Failed password for root from 116.31.116.11 port 35179 ssh2
Feb 19 18:47:55 abhishekghosh sshd[5885]: Failed password for root from 58.218.199.218 port 24287 ssh2
Feb 19 18:47:55 abhishekghosh sshd[5883]: Failed password for root from 116.31.116.11 port 35179 ssh2
Feb 19 18:47:56 abhishekghosh sshd[5883]: Received disconnect from 116.31.116.11: 11:  [preauth]
Feb 19 18:47:56 abhishekghosh sshd[5883]: PAM 2 more authentication failures; logname= uid=0 euid=0 tty=ssh ruser= rhost=116.31.116.11  user=root
Feb 19 18:47:57 abhishekghosh sshd[5885]: Failed password for root from 58.218.199.218 port 24287 ssh2
Feb 19 18:47:58 abhishekghosh sshd[5885]: Received disconnect from 58.218.199.218: 11:  [preauth]
Feb 19 18:47:58 abhishekghosh sshd[5885]: PAM 2 more authentication failures; logname= uid=0 euid=0 tty=ssh ruser= rhost=58.218.199.218  user=root
Feb 19 18:48:09 abhishekghosh sshd[5876]: Received signal 15; terminating.
Feb 19 18:48:10 abhishekghosh sshd[5889]: Server listening on 0.0.0.0 port 22.
Feb 19 18:48:10 abhishekghosh sshd[5889]: Server listening on :: port 22.
Feb 19 18:48:19 abhishekghosh sshd[5892]: error: Could not load host key: /etc/ssh/ssh_host_ed25519_key
Feb 19 18:48:24 abhishekghosh sshd[5894]: error: Could not load host key: /etc/ssh/ssh_host_ed25519_key
Feb 19 18:48:26 abhishekghosh sshd[5892]: pam_unix(sshd:auth): authentication failure; logname= uid=0 euid=0 tty=ssh ruser= rhost=58.218.199.218  user=root
Feb 19 18:48:28 abhishekghosh sshd[5896]: error: Could not load host key: /etc/ssh/ssh_host_ed25519_key
Feb 19 18:48:28 abhishekghosh sshd[5892]: Failed password for root from 58.218.199.218 port 59085 ssh2
Feb 19 18:48:31 abhishekghosh sshd[5894]: pam_unix(sshd:auth): authentication failure; logname= uid=0 euid=0 tty=ssh ruser= rhost=116.31.116.11  user=root
Feb 19 18:48:32 abhishekghosh sshd[5892]: Failed password for root from 58.218.199.218 port 59085 ssh2
Feb 19 18:48:32 abhishekghosh sshd[5894]: Failed password for root from 116.31.116.11 port 13712 ssh2
Feb 19 18:48:33 abhishekghosh sshd[5896]: Received disconnect from 221.194.44.231: 11:  [preauth]
Feb 19 18:48:34 abhishekghosh sshd[5892]: Failed password for root from 58.218.199.218 port 59085 ssh2
Feb 19 18:48:34 abhishekghosh sshd[5892]: Received disconnect from 58.218.199.218: 11:  [preauth]
Feb 19 18:48:34 abhishekghosh sshd[5892]: PAM 2 more authentication failures; logname= uid=0 euid=0 tty=ssh ruser= rhost=58.218.199.218  user=root
Feb 19 18:48:36 abhishekghosh sshd[5894]: Failed password for root from 116.31.116.11 port 13712 ssh2
Feb 19 18:48:39 abhishekghosh sshd[5894]: Failed password for root from 116.31.116.11 port 13712 ssh2
Feb 19 18:48:41 abhishekghosh sshd[5894]: Received disconnect from 116.31.116.11: 11:  [preauth]
Feb 19 18:48:41 abhishekghosh sshd[5894]: PAM 2 more authentication failures; logname= uid=0 euid=0 tty=ssh ruser= rhost=116.31.116.11  user=root
Feb 19 18:48:55 abhishekghosh sshd[5899]: error: Could not load host key: /etc/ssh/ssh_host_ed25519_key
Feb 19 18:48:58 abhishekghosh sshd[5899]: pam_unix(sshd:auth): authentication failure; logname= uid=0 euid=0 tty=ssh ruser= rhost=58.218.199.218  user=root
Feb 19 18:48:59 abhishekghosh sshd[5901]: error: Could not load host key: /etc/ssh/ssh_host_ed25519_key
Feb 19 18:49:00 abhishekghosh sshd[5899]: Failed password for root from 58.218.199.218 port 47978 ssh2
Feb 19 18:49:02 abhishekghosh sshd[5899]: Failed password for root from 58.218.199.218 port 47978 ssh2
Feb 19 18:49:03 abhishekghosh sshd[5901]: pam_unix(sshd:auth): authentication failure; logname= uid=0 euid=0 tty=ssh ruser= rhost=116.31.116.11  user=root
Feb 19 18:49:06 abhishekghosh sshd[5899]: Failed password for root from 58.218.199.218 port 47978 ssh2
Feb 19 18:49:06 abhishekghosh sshd[5901]: Failed password for root from 116.31.116.11 port 36116 ssh2
Feb 19 18:49:06 abhishekghosh sshd[5899]: Received disconnect from 58.218.199.218: 11:  [preauth]
Feb 19 18:49:06 abhishekghosh sshd[5899]: PAM 2 more authentication failures; logname= uid=0 euid=0 tty=ssh ruser= rhost=58.218.199.218  user=root
Feb 19 18:49:08 abhishekghosh sshd[5901]: Failed password for root from 116.31.116.11 port 36116 ssh2
Feb 19 18:49:11 abhishekghosh sshd[5901]: Failed password for root from 116.31.116.11 port 36116 ssh2
Feb 19 18:49:12 abhishekghosh sshd[5901]: Received disconnect from 116.31.116.11: 11:  [preauth]
Feb 19 18:49:12 abhishekghosh sshd[5901]: PAM 2 more authentication failures; logname= uid=0 euid=0 tty=ssh ruser= rhost=116.31.116.11  user=root
Feb 19 18:49:25 abhishekghosh sshd[5903]: error: Could not load host key: /etc/ssh/ssh_host_ed25519_key
Feb 19 18:49:27 abhishekghosh sshd[5903]: pam_unix(sshd:auth): authentication failure; logname= uid=0 euid=0 tty=ssh ruser= rhost=58.218.199.218  user=root
Feb 19 18:49:29 abhishekghosh sshd[5903]: Failed password for root from 58.218.199.218 port 35151 ssh2
Feb 19 18:49:34 abhishekghosh sshd[5903]: message repeated 2 times: [ Failed password for root from 58.218.199.218 port 35151 ssh2]
Feb 19 18:49:35 abhishekghosh sshd[5903]: Received disconnect from 58.218.199.218: 11:  [preauth]
Feb 19 18:49:35 abhishekghosh sshd[5903]: PAM 2 more authentication failures; logname= uid=0 euid=0 tty=ssh ruser= rhost=58.218.199.218  user=root
Feb 19 18:49:37 abhishekghosh sshd[5905]: error: Could not load host key: /etc/ssh/ssh_host_ed25519_key
Feb 19 18:49:40 abhishekghosh sshd[5889]: Received signal 15; terminating.
Feb 19 18:49:40 abhishekghosh sshd[5907]: Server listening on 0.0.0.0 port 22.
Feb 19 18:49:40 abhishekghosh sshd[5907]: Server listening on :: port 22.
Feb 19 18:49:40 abhishekghosh sshd[5905]: pam_unix(sshd:auth): authentication failure; logname= uid=0 euid=0 tty=ssh ruser= rhost=116.31.116.11  user=root
Feb 19 18:49:42 abhishekghosh sshd[5905]: Failed password for root from 116.31.116.11 port 10781 ssh2
Feb 19 18:49:47 abhishekghosh sshd[5905]: message repeated 2 times: [ Failed password for root from 116.31.116.11 port 10781 ssh2]
Feb 19 18:49:48 abhishekghosh sshd[5905]: Received disconnect from 116.31.116.11: 11:  [preauth]
Feb 19 18:49:48 abhishekghosh sshd[5905]: PAM 2 more authentication failures; logname= uid=0 euid=0 tty=ssh ruser= rhost=116.31.116.11  user=root
Feb 19 18:49:59 abhishekghosh sshd[5908]: error: Could not load host key: /etc/ssh/ssh_host_ed25519_key
Feb 19 18:50:01 abhishekghosh sshd[5910]: error: Could not load host key: /etc/ssh/ssh_host_ed25519_key
Feb 19 18:50:02 abhishekghosh sshd[5908]: pam_unix(sshd:auth): authentication failure; logname= uid=0 euid=0 tty=ssh ruser= rhost=58.218.199.218  user=root
Feb 19 18:50:04 abhishekghosh sshd[5908]: Failed password for root from 58.218.199.218 port 26782 ssh2
Feb 19 18:50:06 abhishekghosh sshd[5910]: Received disconnect from 221.194.44.224: 11:  [preauth]
Feb 19 18:50:06 abhishekghosh sshd[5908]: Failed password for root from 58.218.199.218 port 26782 ssh2
Feb 19 18:50:09 abhishekghosh sshd[5908]: Failed password for root from 58.218.199.218 port 26782 ssh2
Feb 19 18:50:09 abhishekghosh sshd[5908]: Received disconnect from 58.218.199.218: 11:  [preauth]
Feb 19 18:50:09 abhishekghosh sshd[5908]: PAM 2 more authentication failures; logname= uid=0 euid=0 tty=ssh ruser= rhost=58.218.199.218  user=root
Feb 19 18:50:14 abhishekghosh sshd[5912]: error: Could not load host key: /etc/ssh/ssh_host_ed25519_key
Feb 19 18:50:16 abhishekghosh sshd[5912]: pam_unix(sshd:auth): authentication failure; logname= uid=0 euid=0 tty=ssh ruser= rhost=116.31.116.11  user=root
Feb 19 18:50:19 abhishekghosh sshd[5912]: Failed password for root from 116.31.116.11 port 26115 ssh2
Feb 19 18:50:22 abhishekghosh sshd[5912]: Failed password for root from 116.31.116.11 port 26115 ssh2
Feb 19 18:50:23 abhishekghosh sshd[5914]: error: Could not load host key: /etc/ssh/ssh_host_ed25519_key
Feb 19 18:50:24 abhishekghosh sshd[5912]: Failed password for root from 116.31.116.11 port 26115 ssh2
Feb 19 18:50:25 abhishekghosh sshd[5912]: Received disconnect from 116.31.116.11: 11:  [preauth]
Feb 19 18:50:25 abhishekghosh sshd[5912]: PAM 2 more authentication failures; logname= uid=0 euid=0 tty=ssh ruser= rhost=116.31.116.11  user=root
Feb 19 18:50:27 abhishekghosh sshd[5914]: Received disconnect from 221.194.47.208: 11:  [preauth]
Feb 19 18:50:33 abhishekghosh sshd[5916]: error: Could not load host key: /etc/ssh/ssh_host_ed25519_key
Feb 19 18:50:37 abhishekghosh sshd[5916]: pam_unix(sshd:auth): authentication failure; logname= uid=0 euid=0 tty=ssh ruser= rhost=58.218.199.218  user=root
Feb 19 18:50:39 abhishekghosh sshd[5916]: Failed password for root from 58.218.199.218 port 14615 ssh2
Feb 19 18:50:45 abhishekghosh sshd[5916]: message repeated 2 times: [ Failed password for root from 58.218.199.218 port 14615 ssh2]
Feb 19 18:50:45 abhishekghosh sshd[5916]: Received disconnect from 58.218.199.218: 11:  [preauth]
Feb 19 18:50:45 abhishekghosh sshd[5916]: PAM 2 more authentication failures; logname= uid=0 euid=0 tty=ssh ruser= rhost=58.218.199.218  user=root
Feb 19 18:50:53 abhishekghosh sshd[5918]: error: Could not load host key: /etc/ssh/ssh_host_ed25519_key
Feb 19 18:50:57 abhishekghosh sshd[5918]: pam_unix(sshd:auth): authentication failure; logname= uid=0 euid=0 tty=ssh ruser= rhost=116.31.116.11  user=root
Feb 19 18:50:59 abhishekghosh sshd[5918]: Failed password for root from 116.31.116.11 port 64067 ssh2
Feb 19 18:51:05 abhishekghosh sshd[5918]: message repeated 2 times: [ Failed password for root from 116.31.116.11 port 64067 ssh2]
Feb 19 18:51:06 abhishekghosh sshd[5918]: Received disconnect from 116.31.116.11: 11:  [preauth]
Feb 19 18:51:06 abhishekghosh sshd[5918]: PAM 2 more authentication failures; logname= uid=0 euid=0 tty=ssh ruser= rhost=116.31.116.11  user=root
Feb 19 18:51:08 abhishekghosh sshd[5920]: error: Could not load host key: /etc/ssh/ssh_host_ed25519_key
Feb 19 18:51:10 abhishekghosh sshd[5907]: Received signal 15; terminating.
Feb 19 18:51:11 abhishekghosh sshd[5922]: Server listening on 0.0.0.0 port 22.
Feb 19 18:51:11 abhishekghosh sshd[5922]: Server listening on :: port 22.
Feb 19 18:51:12 abhishekghosh sshd[5920]: pam_unix(sshd:auth): authentication failure; logname= uid=0 euid=0 tty=ssh ruser= rhost=58.218.199.218  user=root
Feb 19 18:51:13 abhishekghosh sshd[5920]: Failed password for root from 58.218.199.218 port 58103 ssh2
Feb 19 18:51:16 abhishekghosh sshd[5920]: Failed password for root from 58.218.199.218 port 58103 ssh2
Feb 19 18:51:17 abhishekghosh sshd[5923]: error: Could not load host key: /etc/ssh/ssh_host_ed25519_key
Feb 19 18:51:20 abhishekghosh sshd[5920]: Failed password for root from 58.218.199.218 port 58103 ssh2
Feb 19 18:51:20 abhishekghosh sshd[5920]: Received disconnect from 58.218.199.218: 11:  [preauth]
Feb 19 18:51:20 abhishekghosh sshd[5920]: PAM 2 more authentication failures; logname= uid=0 euid=0 tty=ssh ruser= rhost=58.218.199.218  user=root
Feb 19 18:51:20 abhishekghosh sshd[5923]: Received disconnect from 121.18.238.104: 11:  [preauth]
Feb 19 18:51:31 abhishekghosh sshd[5925]: error: Could not load host key: /etc/ssh/ssh_host_ed25519_key
Feb 19 18:51:33 abhishekghosh sshd[5925]: pam_unix(sshd:auth): authentication failure; logname= uid=0 euid=0 tty=ssh ruser= rhost=116.31.116.11  user=root
Feb 19 18:51:35 abhishekghosh sshd[5925]: Failed password for root from 116.31.116.11 port 39548 ssh2
Feb 19 18:51:37 abhishekghosh sshd[5925]: Failed password for root from 116.31.116.11 port 39548 ssh2
Feb 19 18:51:39 abhishekghosh sshd[5927]: error: Could not load host key: /etc/ssh/ssh_host_ed25519_key
Feb 19 18:51:39 abhishekghosh sshd[5925]: Failed password for root from 116.31.116.11 port 39548 ssh2
Feb 19 18:51:40 abhishekghosh sshd[5925]: Received disconnect from 116.31.116.11: 11:  [preauth]
Feb 19 18:51:40 abhishekghosh sshd[5925]: PAM 2 more authentication failures; logname= uid=0 euid=0 tty=ssh ruser= rhost=116.31.116.11  user=root
Feb 19 18:51:41 abhishekghosh sshd[5927]: pam_unix(sshd:auth): authentication failure; logname= uid=0 euid=0 tty=ssh ruser= rhost=58.218.199.218  user=root
Feb 19 18:51:43 abhishekghosh sshd[5927]: Failed password for root from 58.218.199.218 port 40442 ssh2
Feb 19 18:51:48 abhishekghosh sshd[5927]: message repeated 2 times: [ Failed password for root from 58.218.199.218 port 40442 ssh2]
Feb 19 18:51:49 abhishekghosh sshd[5927]: Received disconnect from 58.218.199.218: 11:  [preauth]
Feb 19 18:51:49 abhishekghosh sshd[5927]: PAM 2 more authentication failures; logname= uid=0 euid=0 tty=ssh ruser= rhost=58.218.199.218  user=root
Feb 19 18:52:07 abhishekghosh sshd[5929]: error: Could not load host key: /etc/ssh/ssh_host_ed25519_key
Feb 19 18:52:10 abhishekghosh sshd[5929]: pam_unix(sshd:auth): authentication failure; logname= uid=0 euid=0 tty=ssh ruser= rhost=116.31.116.11  user=root
Feb 19 18:52:11 abhishekghosh sshd[5929]: Failed password for root from 116.31.116.11 port 16231 ssh2
Feb 19 18:52:12 abhishekghosh sshd[5931]: error: Could not load host key: /etc/ssh/ssh_host_ed25519_key
Feb 19 18:52:14 abhishekghosh sshd[5931]: pam_unix(sshd:auth): authentication failure; logname= uid=0 euid=0 tty=ssh ruser= rhost=58.218.199.218  user=root
Feb 19 18:52:14 abhishekghosh sshd[5929]: Failed password for root from 116.31.116.11 port 16231 ssh2
Feb 19 18:52:16 abhishekghosh sshd[5931]: Failed password for root from 58.218.199.218 port 43273 ssh2
Feb 19 18:52:17 abhishekghosh sshd[5929]: Failed password for root from 116.31.116.11 port 16231 ssh2
Feb 19 18:52:17 abhishekghosh sshd[5929]: Received disconnect from 116.31.116.11: 11:  [preauth]
Feb 19 18:52:17 abhishekghosh sshd[5929]: PAM 2 more authentication failures; logname= uid=0 euid=0 tty=ssh ruser= rhost=116.31.116.11  user=root
Feb 19 18:52:19 abhishekghosh sshd[5931]: Failed password for root from 58.218.199.218 port 43273 ssh2
Feb 19 18:52:21 abhishekghosh sshd[5931]: Failed password for root from 58.218.199.218 port 43273 ssh2
Feb 19 18:52:21 abhishekghosh sshd[5931]: Received disconnect from 58.218.199.218: 11:  [preauth]
Feb 19 18:52:21 abhishekghosh sshd[5931]: PAM 2 more authentication failures; logname= uid=0 euid=0 tty=ssh ruser= rhost=58.218.199.218  user=root
Feb 19 18:52:41 abhishekghosh sshd[5922]: Received signal 15; terminating.
Feb 19 18:52:41 abhishekghosh sshd[5934]: Server listening on 0.0.0.0 port 22.
Feb 19 18:52:41 abhishekghosh sshd[5934]: Server listening on :: port 22.
Feb 19 18:52:43 abhishekghosh sshd[5937]: error: Could not load host key: /etc/ssh/ssh_host_ed25519_key
Feb 19 18:52:44 abhishekghosh sshd[5939]: error: Could not load host key: /etc/ssh/ssh_host_ed25519_key
Feb 19 18:52:45 abhishekghosh sshd[5937]: pam_unix(sshd:auth): authentication failure; logname= uid=0 euid=0 tty=ssh ruser= rhost=116.31.116.11  user=root
Feb 19 18:52:47 abhishekghosh sshd[5939]: pam_unix(sshd:auth): authentication failure; logname= uid=0 euid=0 tty=ssh ruser= rhost=58.218.199.218  user=root
Feb 19 18:52:47 abhishekghosh sshd[5937]: Failed password for root from 116.31.116.11 port 38877 ssh2
Feb 19 18:52:49 abhishekghosh sshd[5939]: Failed password for root from 58.218.199.218 port 22890 ssh2
Feb 19 18:52:50 abhishekghosh sshd[5937]: Failed password for root from 116.31.116.11 port 38877 ssh2
Feb 19 18:52:52 abhishekghosh sshd[5939]: Failed password for root from 58.218.199.218 port 22890 ssh2
Feb 19 18:52:52 abhishekghosh sshd[5937]: Failed password for root from 116.31.116.11 port 38877 ssh2
Feb 19 18:52:54 abhishekghosh sshd[5937]: Received disconnect from 116.31.116.11: 11:  [preauth]
Feb 19 18:52:54 abhishekghosh sshd[5937]: PAM 2 more authentication failures; logname= uid=0 euid=0 tty=ssh ruser= rhost=116.31.116.11  user=root
Feb 19 18:52:54 abhishekghosh sshd[5939]: Failed password for root from 58.218.199.218 port 22890 ssh2
Feb 19 18:52:55 abhishekghosh sshd[5939]: Received disconnect from 58.218.199.218: 11:  [preauth]
Feb 19 18:52:55 abhishekghosh sshd[5939]: PAM 2 more authentication failures; logname= uid=0 euid=0 tty=ssh ruser= rhost=58.218.199.218  user=root
Feb 19 18:53:17 abhishekghosh sshd[5941]: error: Could not load host key: /etc/ssh/ssh_host_ed25519_key
Feb 19 18:53:20 abhishekghosh sshd[5941]: pam_unix(sshd:auth): authentication failure; logname= uid=0 euid=0 tty=ssh ruser= rhost=58.218.199.218  user=root
Feb 19 18:53:20 abhishekghosh sshd[5943]: error: Could not load host key: /etc/ssh/ssh_host_ed25519_key
Feb 19 18:53:22 abhishekghosh sshd[5941]: Failed password for root from 58.218.199.218 port 64880 ssh2
Feb 19 18:53:24 abhishekghosh sshd[5941]: Failed password for root from 58.218.199.218 port 64880 ssh2
Feb 19 18:53:26 abhishekghosh sshd[5943]: pam_unix(sshd:auth): authentication failure; logname= uid=0 euid=0 tty=ssh ruser= rhost=116.31.116.11  user=root
Feb 19 18:53:26 abhishekghosh sshd[5941]: Failed password for root from 58.218.199.218 port 64880 ssh2
Feb 19 18:53:27 abhishekghosh sshd[5941]: Received disconnect from 58.218.199.218: 11:  [preauth]
Feb 19 18:53:27 abhishekghosh sshd[5941]: PAM 2 more authentication failures; logname= uid=0 euid=0 tty=ssh ruser= rhost=58.218.199.218  user=root
Feb 19 18:53:28 abhishekghosh sshd[5943]: Failed password for root from 116.31.116.11 port 16780 ssh2
Feb 19 18:53:34 abhishekghosh sshd[5943]: message repeated 2 times: [ Failed password for root from 116.31.116.11 port 16780 ssh2]
Feb 19 18:53:34 abhishekghosh sshd[5943]: Received disconnect from 116.31.116.11: 11:  [preauth]
