root@abhishekghosh:/var/log# cat auth.log.1
Feb 19 16:45:20 abhishekghosh sshd[4454]: error: Could not load host key: /etc/ssh/ssh_host_ed25519_key
Feb 19 16:45:21 abhishekghosh sshd[4446]: Failed password for root from 58.218.199.218 port 57041 ssh2
Feb 19 16:45:23 abhishekghosh sshd[4446]: Failed password for root from 58.218.199.218 port 57041 ssh2
Feb 19 16:45:24 abhishekghosh sshd[4454]: pam_unix(sshd:auth): authentication failure; logname= uid=0 euid=0 tty=ssh ruser= rhost=116.31.116.11  user=root
Feb 19 16:45:26 abhishekghosh sshd[4446]: Failed password for root from 58.218.199.218 port 57041 ssh2
Feb 19 16:45:26 abhishekghosh sshd[4454]: Failed password for root from 116.31.116.11 port 29324 ssh2
Feb 19 16:45:26 abhishekghosh sshd[4446]: Received disconnect from 58.218.199.218: 11:  [preauth]
Feb 19 16:45:26 abhishekghosh sshd[4446]: PAM 2 more authentication failures; logname= uid=0 euid=0 tty=ssh ruser= rhost=58.218.199.218  user=root
Feb 19 16:45:28 abhishekghosh sshd[4454]: Failed password for root from 116.31.116.11 port 29324 ssh2
Feb 19 16:45:31 abhishekghosh sshd[4454]: Failed password for root from 116.31.116.11 port 29324 ssh2
Feb 19 16:45:32 abhishekghosh sshd[4454]: Received disconnect from 116.31.116.11: 11:  [preauth]
Feb 19 16:45:32 abhishekghosh sshd[4454]: PAM 2 more authentication failures; logname= uid=0 euid=0 tty=ssh ruser= rhost=116.31.116.11  user=root
Feb 19 16:45:53 abhishekghosh sshd[4492]: error: Could not load host key: /etc/ssh/ssh_host_ed25519_key
Feb 19 16:45:55 abhishekghosh sshd[4492]: pam_unix(sshd:auth): authentication failure; logname= uid=0 euid=0 tty=ssh ruser= rhost=58.218.199.218  user=root
Feb 19 16:45:57 abhishekghosh sshd[4492]: Failed password for root from 58.218.199.218 port 16515 ssh2
Feb 19 16:45:59 abhishekghosh sshd[4492]: Failed password for root from 58.218.199.218 port 16515 ssh2
Feb 19 16:46:00 abhishekghosh sshd[4362]: Received signal 15; terminating.
Feb 19 16:46:00 abhishekghosh sshd[4499]: Server listening on 0.0.0.0 port 22.
Feb 19 16:46:00 abhishekghosh sshd[4499]: Server listening on :: port 22.
Feb 19 16:46:01 abhishekghosh sshd[4492]: Failed password for root from 58.218.199.218 port 16515 ssh2
Feb 19 16:46:02 abhishekghosh sshd[4492]: Received disconnect from 58.218.199.218: 11:  [preauth]
Feb 19 16:46:02 abhishekghosh sshd[4492]: PAM 2 more authentication failures; logname= uid=0 euid=0 tty=ssh ruser= rhost=58.218.199.218  user=root
Feb 19 16:46:03 abhishekghosh sshd[4501]: error: Could not load host key: /etc/ssh/ssh_host_ed25519_key
Feb 19 16:46:05 abhishekghosh sshd[4501]: pam_unix(sshd:auth): authentication failure; logname= uid=0 euid=0 tty=ssh ruser= rhost=116.31.116.11  user=root
Feb 19 16:46:06 abhishekghosh sshd[4501]: Failed password for root from 116.31.116.11 port 26216 ssh2
Feb 19 16:46:10 abhishekghosh sshd[4501]: message repeated 2 times: [ Failed password for root from 116.31.116.11 port 26216 ssh2]
Feb 19 16:46:11 abhishekghosh sshd[4501]: Received disconnect from 116.31.116.11: 11:  [preauth]
Feb 19 16:46:11 abhishekghosh sshd[4501]: PAM 2 more authentication failures; logname= uid=0 euid=0 tty=ssh ruser= rhost=116.31.116.11  user=root
Feb 19 16:46:32 abhishekghosh sshd[4504]: error: Could not load host key: /etc/ssh/ssh_host_ed25519_key
Feb 19 16:46:34 abhishekghosh sshd[4504]: pam_unix(sshd:auth): authentication failure; logname= uid=0 euid=0 tty=ssh ruser= rhost=58.218.199.218  user=root
Feb 19 16:46:37 abhishekghosh sshd[4504]: Failed password for root from 58.218.199.218 port 54680 ssh2
Feb 19 16:46:41 abhishekghosh sshd[4504]: message repeated 2 times: [ Failed password for root from 58.218.199.218 port 54680 ssh2]
Feb 19 16:46:42 abhishekghosh sshd[4504]: Received disconnect from 58.218.199.218: 11:  [preauth]
Feb 19 16:46:42 abhishekghosh sshd[4504]: PAM 2 more authentication failures; logname= uid=0 euid=0 tty=ssh ruser= rhost=58.218.199.218  user=root
Feb 19 16:46:46 abhishekghosh sshd[5113]: pam_unix(sshd:session): session closed for user root
Feb 19 16:46:47 abhishekghosh sshd[4509]: error: Could not load host key: /etc/ssh/ssh_host_ed25519_key
Feb 19 16:46:49 abhishekghosh sshd[4509]: pam_unix(sshd:auth): authentication failure; logname= uid=0 euid=0 tty=ssh ruser= rhost=116.31.116.11  user=root
Feb 19 16:46:51 abhishekghosh sshd[4509]: Failed password for root from 116.31.116.11 port 42714 ssh2
Feb 19 16:46:56 abhishekghosh sshd[4509]: message repeated 2 times: [ Failed password for root from 116.31.116.11 port 42714 ssh2]
Feb 19 16:46:56 abhishekghosh sshd[4509]: Received disconnect from 116.31.116.11: 11:  [preauth]
Feb 19 16:46:56 abhishekghosh sshd[4509]: PAM 2 more authentication failures; logname= uid=0 euid=0 tty=ssh ruser= rhost=116.31.116.11  user=root
Feb 19 16:47:10 abhishekghosh sshd[4511]: error: Could not load host key: /etc/ssh/ssh_host_ed25519_key
Feb 19 16:47:14 abhishekghosh sshd[4511]: pam_unix(sshd:auth): authentication failure; logname= uid=0 euid=0 tty=ssh ruser= rhost=58.218.199.218  user=root
Feb 19 16:47:16 abhishekghosh sshd[4511]: Failed password for root from 58.218.199.218 port 33464 ssh2
Feb 19 16:47:20 abhishekghosh sshd[4511]: message repeated 2 times: [ Failed password for root from 58.218.199.218 port 33464 ssh2]
Feb 19 16:47:20 abhishekghosh sshd[4511]: Received disconnect from 58.218.199.218: 11:  [preauth]
Feb 19 16:47:20 abhishekghosh sshd[4511]: PAM 2 more authentication failures; logname= uid=0 euid=0 tty=ssh ruser= rhost=58.218.199.218  user=root
Feb 19 16:47:29 abhishekghosh sshd[4513]: error: Could not load host key: /etc/ssh/ssh_host_ed25519_key
Feb 19 16:47:31 abhishekghosh sshd[4499]: Received signal 15; terminating.
Feb 19 16:47:31 abhishekghosh sshd[4515]: Server listening on 0.0.0.0 port 22.
Feb 19 16:47:31 abhishekghosh sshd[4515]: Server listening on :: port 22.
Feb 19 16:47:32 abhishekghosh sshd[4513]: pam_unix(sshd:auth): authentication failure; logname= uid=0 euid=0 tty=ssh ruser= rhost=116.31.116.11  user=root
Feb 19 16:47:34 abhishekghosh sshd[4513]: Failed password for root from 116.31.116.11 port 20266 ssh2
Feb 19 16:47:39 abhishekghosh sshd[4513]: message repeated 2 times: [ Failed password for root from 116.31.116.11 port 20266 ssh2]
Feb 19 16:47:40 abhishekghosh sshd[4513]: Received disconnect from 116.31.116.11: 11:  [preauth]
Feb 19 16:47:40 abhishekghosh sshd[4513]: PAM 2 more authentication failures; logname= uid=0 euid=0 tty=ssh ruser= rhost=116.31.116.11  user=root
Feb 19 16:47:50 abhishekghosh sshd[4516]: error: Could not load host key: /etc/ssh/ssh_host_ed25519_key
Feb 19 16:47:52 abhishekghosh sshd[4516]: pam_unix(sshd:auth): authentication failure; logname= uid=0 euid=0 tty=ssh ruser= rhost=58.218.199.218  user=root
Feb 19 16:47:55 abhishekghosh sshd[4516]: Failed password for root from 58.218.199.218 port 12412 ssh2
Feb 19 16:48:00 abhishekghosh sshd[4516]: message repeated 2 times: [ Failed password for root from 58.218.199.218 port 12412 ssh2]
Feb 19 16:48:01 abhishekghosh sshd[4516]: Received disconnect from 58.218.199.218: 11:  [preauth]
Feb 19 16:48:01 abhishekghosh sshd[4516]: PAM 2 more authentication failures; logname= uid=0 euid=0 tty=ssh ruser= rhost=58.218.199.218  user=root
Feb 19 16:48:19 abhishekghosh sshd[4518]: error: Could not load host key: /etc/ssh/ssh_host_ed25519_key
Feb 19 16:48:21 abhishekghosh sshd[4518]: pam_unix(sshd:auth): authentication failure; logname= uid=0 euid=0 tty=ssh ruser= rhost=116.31.116.11  user=root
Feb 19 16:48:24 abhishekghosh sshd[4518]: Failed password for root from 116.31.116.11 port 23355 ssh2
Feb 19 16:48:25 abhishekghosh sshd[4520]: error: Could not load host key: /etc/ssh/ssh_host_ed25519_key
Feb 19 16:48:25 abhishekghosh sshd[4518]: Failed password for root from 116.31.116.11 port 23355 ssh2
Feb 19 16:48:27 abhishekghosh sshd[4520]: pam_unix(sshd:auth): authentication failure; logname= uid=0 euid=0 tty=ssh ruser= rhost=58.218.199.218  user=root
Feb 19 16:48:28 abhishekghosh sshd[4518]: Failed password for root from 116.31.116.11 port 23355 ssh2
Feb 19 16:48:28 abhishekghosh sshd[4518]: Received disconnect from 116.31.116.11: 11:  [preauth]
Feb 19 16:48:28 abhishekghosh sshd[4518]: PAM 2 more authentication failures; logname= uid=0 euid=0 tty=ssh ruser= rhost=116.31.116.11  user=root
Feb 19 16:48:29 abhishekghosh sshd[4520]: Failed password for root from 58.218.199.218 port 52187 ssh2
Feb 19 16:48:33 abhishekghosh sshd[4520]: message repeated 2 times: [ Failed password for root from 58.218.199.218 port 52187 ssh2]
Feb 19 16:48:33 abhishekghosh sshd[4520]: Received disconnect from 58.218.199.218: 11:  [preauth]
Feb 19 16:48:33 abhishekghosh sshd[4520]: PAM 2 more authentication failures; logname= uid=0 euid=0 tty=ssh ruser= rhost=58.218.199.218  user=root
Feb 19 16:49:00 abhishekghosh sshd[4522]: error: Could not load host key: /etc/ssh/ssh_host_ed25519_key
Feb 19 16:49:01 abhishekghosh sshd[4515]: Received signal 15; terminating.
Feb 19 16:49:01 abhishekghosh sshd[4524]: Server listening on 0.0.0.0 port 22.
Feb 19 16:49:01 abhishekghosh sshd[4524]: Server listening on :: port 22.
Feb 19 16:49:02 abhishekghosh sshd[4522]: pam_unix(sshd:auth): authentication failure; logname= uid=0 euid=0 tty=ssh ruser= rhost=116.31.116.11  user=root
Feb 19 16:49:03 abhishekghosh sshd[4525]: error: Could not load host key: /etc/ssh/ssh_host_ed25519_key
Feb 19 16:49:04 abhishekghosh sshd[4522]: Failed password for root from 116.31.116.11 port 41260 ssh2
Feb 19 16:49:05 abhishekghosh sshd[4525]: pam_unix(sshd:auth): authentication failure; logname= uid=0 euid=0 tty=ssh ruser= rhost=58.218.199.218  user=root
Feb 19 16:49:07 abhishekghosh sshd[4525]: Failed password for root from 58.218.199.218 port 24783 ssh2
Feb 19 16:49:07 abhishekghosh sshd[4522]: Failed password for root from 116.31.116.11 port 41260 ssh2
Feb 19 16:49:09 abhishekghosh sshd[4525]: Failed password for root from 58.218.199.218 port 24783 ssh2
Feb 19 16:49:09 abhishekghosh sshd[4522]: Failed password for root from 116.31.116.11 port 41260 ssh2
Feb 19 16:49:09 abhishekghosh sshd[4522]: Received disconnect from 116.31.116.11: 11:  [preauth]
Feb 19 16:49:09 abhishekghosh sshd[4522]: PAM 2 more authentication failures; logname= uid=0 euid=0 tty=ssh ruser= rhost=116.31.116.11  user=root
Feb 19 16:49:11 abhishekghosh sshd[4525]: Failed password for root from 58.218.199.218 port 24783 ssh2
Feb 19 16:49:11 abhishekghosh sshd[4525]: Received disconnect from 58.218.199.218: 11:  [preauth]
Feb 19 16:49:11 abhishekghosh sshd[4525]: PAM 2 more authentication failures; logname= uid=0 euid=0 tty=ssh ruser= rhost=58.218.199.218  user=root
Feb 19 16:49:42 abhishekghosh sshd[4527]: error: Could not load host key: /etc/ssh/ssh_host_ed25519_key
Feb 19 16:49:46 abhishekghosh sshd[4529]: error: Could not load host key: /etc/ssh/ssh_host_ed25519_key
Feb 19 16:49:50 abhishekghosh sshd[4529]: pam_unix(sshd:auth): authentication failure; logname= uid=0 euid=0 tty=ssh ruser= rhost=116.31.116.11  user=root
Feb 19 16:49:50 abhishekghosh sshd[4527]: pam_unix(sshd:auth): authentication failure; logname= uid=0 euid=0 tty=ssh ruser= rhost=58.218.199.218  user=root
Feb 19 16:49:52 abhishekghosh sshd[4529]: Failed password for root from 116.31.116.11 port 52946 ssh2
Feb 19 16:49:52 abhishekghosh sshd[4527]: Failed password for root from 58.218.199.218 port 58618 ssh2
Feb 19 16:49:54 abhishekghosh sshd[4529]: Failed password for root from 116.31.116.11 port 52946 ssh2
Feb 19 16:49:55 abhishekghosh sshd[4527]: Failed password for root from 58.218.199.218 port 58618 ssh2
Feb 19 16:49:57 abhishekghosh sshd[4527]: Failed password for root from 58.218.199.218 port 58618 ssh2
Feb 19 16:49:57 abhishekghosh sshd[4527]: Received disconnect from 58.218.199.218: 11:  [preauth]
Feb 19 16:49:57 abhishekghosh sshd[4527]: PAM 2 more authentication failures; logname= uid=0 euid=0 tty=ssh ruser= rhost=58.218.199.218  user=root
Feb 19 16:49:59 abhishekghosh sshd[4529]: Failed password for root from 116.31.116.11 port 52946 ssh2
Feb 19 16:49:59 abhishekghosh sshd[4529]: Received disconnect from 116.31.116.11: 11:  [preauth]
Feb 19 16:49:59 abhishekghosh sshd[4529]: PAM 2 more authentication failures; logname= uid=0 euid=0 tty=ssh ruser= rhost=116.31.116.11  user=root
Feb 19 16:50:20 abhishekghosh sshd[4531]: error: Could not load host key: /etc/ssh/ssh_host_ed25519_key
Feb 19 16:50:23 abhishekghosh sshd[4531]: pam_unix(sshd:auth): authentication failure; logname= uid=0 euid=0 tty=ssh ruser= rhost=58.218.199.218  user=root
Feb 19 16:50:25 abhishekghosh sshd[4531]: Failed password for root from 58.218.199.218 port 27990 ssh2
Feb 19 16:50:29 abhishekghosh sshd[4531]: message repeated 2 times: [ Failed password for root from 58.218.199.218 port 27990 ssh2]
Feb 19 16:50:29 abhishekghosh sshd[4531]: Received disconnect from 58.218.199.218: 11:  [preauth]
Feb 19 16:50:29 abhishekghosh sshd[4531]: PAM 2 more authentication failures; logname= uid=0 euid=0 tty=ssh ruser= rhost=58.218.199.218  user=root
Feb 19 16:50:30 abhishekghosh sshd[4533]: error: Could not load host key: /etc/ssh/ssh_host_ed25519_key
Feb 19 16:50:32 abhishekghosh sshd[4524]: Received signal 15; terminating.
Feb 19 16:50:32 abhishekghosh sshd[4533]: pam_unix(sshd:auth): authentication failure; logname= uid=0 euid=0 tty=ssh ruser= rhost=116.31.116.11  user=root
Feb 19 16:50:32 abhishekghosh sshd[4535]: Server listening on 0.0.0.0 port 22.
Feb 19 16:50:32 abhishekghosh sshd[4535]: Server listening on :: port 22.
Feb 19 16:50:34 abhishekghosh sshd[4533]: Failed password for root from 116.31.116.11 port 50340 ssh2
Feb 19 16:50:39 abhishekghosh sshd[4533]: message repeated 2 times: [ Failed password for root from 116.31.116.11 port 50340 ssh2]
Feb 19 16:50:39 abhishekghosh sshd[4533]: Received disconnect from 116.31.116.11: 11:  [preauth]
Feb 19 16:50:39 abhishekghosh sshd[4533]: PAM 2 more authentication failures; logname= uid=0 euid=0 tty=ssh ruser= rhost=116.31.116.11  user=root
Feb 19 16:50:57 abhishekghosh sshd[4537]: error: Could not load host key: /etc/ssh/ssh_host_ed25519_key
Feb 19 16:50:59 abhishekghosh sshd[4537]: pam_unix(sshd:auth): authentication failure; logname= uid=0 euid=0 tty=ssh ruser= rhost=58.218.199.218  user=root
Feb 19 16:51:02 abhishekghosh sshd[4537]: Failed password for root from 58.218.199.218 port 50461 ssh2
Feb 19 16:51:06 abhishekghosh sshd[4537]: message repeated 2 times: [ Failed password for root from 58.218.199.218 port 50461 ssh2]
Feb 19 16:51:06 abhishekghosh sshd[4537]: Received disconnect from 58.218.199.218: 11:  [preauth]
Feb 19 16:51:06 abhishekghosh sshd[4537]: PAM 2 more authentication failures; logname= uid=0 euid=0 tty=ssh ruser= rhost=58.218.199.218  user=root
Feb 19 16:51:18 abhishekghosh sshd[4539]: error: Could not load host key: /etc/ssh/ssh_host_ed25519_key
Feb 19 16:51:20 abhishekghosh sshd[4539]: pam_unix(sshd:auth): authentication failure; logname= uid=0 euid=0 tty=ssh ruser= rhost=116.31.116.11  user=root
Feb 19 16:51:22 abhishekghosh sshd[4539]: Failed password for root from 116.31.116.11 port 36305 ssh2
Feb 19 16:51:27 abhishekghosh sshd[4539]: message repeated 2 times: [ Failed password for root from 116.31.116.11 port 36305 ssh2]
Feb 19 16:51:27 abhishekghosh sshd[4539]: Received disconnect from 116.31.116.11: 11:  [preauth]
Feb 19 16:51:27 abhishekghosh sshd[4539]: PAM 2 more authentication failures; logname= uid=0 euid=0 tty=ssh ruser= rhost=116.31.116.11  user=root
Feb 19 16:51:34 abhishekghosh sshd[4541]: error: Could not load host key: /etc/ssh/ssh_host_ed25519_key
Feb 19 16:51:39 abhishekghosh sshd[4541]: pam_unix(sshd:auth): authentication failure; logname= uid=0 euid=0 tty=ssh ruser= rhost=58.218.199.218  user=root
Feb 19 16:51:40 abhishekghosh sshd[4541]: Failed password for root from 58.218.199.218 port 31377 ssh2
Feb 19 16:51:46 abhishekghosh sshd[4541]: message repeated 2 times: [ Failed password for root from 58.218.199.218 port 31377 ssh2]
Feb 19 16:51:47 abhishekghosh sshd[4541]: Received disconnect from 58.218.199.218: 11:  [preauth]
Feb 19 16:51:47 abhishekghosh sshd[4541]: PAM 2 more authentication failures; logname= uid=0 euid=0 tty=ssh ruser= rhost=58.218.199.218  user=root
Feb 19 16:51:59 abhishekghosh sshd[4543]: error: Could not load host key: /etc/ssh/ssh_host_ed25519_key
Feb 19 16:52:01 abhishekghosh sshd[4543]: pam_unix(sshd:auth): authentication failure; logname= uid=0 euid=0 tty=ssh ruser= rhost=116.31.116.11  user=root
Feb 19 16:52:02 abhishekghosh sshd[4535]: Received signal 15; terminating.
Feb 19 16:52:02 abhishekghosh sshd[4545]: Server listening on 0.0.0.0 port 22.
Feb 19 16:52:02 abhishekghosh sshd[4545]: Server listening on :: port 22.
Feb 19 16:52:03 abhishekghosh sshd[4543]: Failed password for root from 116.31.116.11 port 51294 ssh2
Feb 19 16:52:07 abhishekghosh sshd[4543]: message repeated 2 times: [ Failed password for root from 116.31.116.11 port 51294 ssh2]
Feb 19 16:52:07 abhishekghosh sshd[4543]: Received disconnect from 116.31.116.11: 11:  [preauth]
Feb 19 16:52:07 abhishekghosh sshd[4543]: PAM 2 more authentication failures; logname= uid=0 euid=0 tty=ssh ruser= rhost=116.31.116.11  user=root
Feb 19 16:52:11 abhishekghosh sshd[4546]: error: Could not load host key: /etc/ssh/ssh_host_ed25519_key
Feb 19 16:52:13 abhishekghosh sshd[4546]: pam_unix(sshd:auth): authentication failure; logname= uid=0 euid=0 tty=ssh ruser= rhost=58.218.199.218  user=root
Feb 19 16:52:15 abhishekghosh sshd[4546]: Failed password for root from 58.218.199.218 port 50182 ssh2
Feb 19 16:52:18 abhishekghosh sshd[4546]: message repeated 2 times: [ Failed password for root from 58.218.199.218 port 50182 ssh2]
Feb 19 16:52:19 abhishekghosh sshd[4546]: Received disconnect from 58.218.199.218: 11:  [preauth]
Feb 19 16:52:19 abhishekghosh sshd[4546]: PAM 2 more authentication failures; logname= uid=0 euid=0 tty=ssh ruser= rhost=58.218.199.218  user=root
Feb 19 16:52:43 abhishekghosh sshd[4548]: error: Could not load host key: /etc/ssh/ssh_host_ed25519_key
Feb 19 16:52:45 abhishekghosh sshd[4548]: pam_unix(sshd:auth): authentication failure; logname= uid=0 euid=0 tty=ssh ruser= rhost=116.31.116.11  user=root
Feb 19 16:52:46 abhishekghosh sshd[4548]: Failed password for root from 116.31.116.11 port 55656 ssh2
Feb 19 16:52:48 abhishekghosh sshd[4548]: Failed password for root from 116.31.116.11 port 55656 ssh2
Feb 19 16:52:48 abhishekghosh sshd[4550]: error: Could not load host key: /etc/ssh/ssh_host_ed25519_key
Feb 19 16:52:50 abhishekghosh sshd[4548]: Failed password for root from 116.31.116.11 port 55656 ssh2
Feb 19 16:52:50 abhishekghosh sshd[4550]: pam_unix(sshd:auth): authentication failure; logname= uid=0 euid=0 tty=ssh ruser= rhost=58.218.199.218  user=root
Feb 19 16:52:50 abhishekghosh sshd[4548]: Received disconnect from 116.31.116.11: 11:  [preauth]
Feb 19 16:52:50 abhishekghosh sshd[4548]: PAM 2 more authentication failures; logname= uid=0 euid=0 tty=ssh ruser= rhost=116.31.116.11  user=root
Feb 19 16:52:53 abhishekghosh sshd[4550]: Failed password for root from 58.218.199.218 port 13906 ssh2
Feb 19 16:52:55 abhishekghosh sshd[4550]: Failed password for root from 58.218.199.218 port 13906 ssh2
Feb 19 16:52:55 abhishekghosh sshd[4552]: error: Could not load host key: /etc/ssh/ssh_host_ed25519_key
Feb 19 16:52:55 abhishekghosh sshd[4552]: Did not receive identification string from 212.129.62.227
Feb 19 16:52:55 abhishekghosh sshd[4553]: error: Could not load host key: /etc/ssh/ssh_host_ed25519_key
Feb 19 16:52:55 abhishekghosh sshd[4553]: Invalid user teamspeak from 212.129.62.227
Feb 19 16:52:55 abhishekghosh sshd[4553]: input_userauth_request: invalid user teamspeak [preauth]
Feb 19 16:52:55 abhishekghosh sshd[4553]: pam_unix(sshd:auth): check pass; user unknown
Feb 19 16:52:55 abhishekghosh sshd[4553]: pam_unix(sshd:auth): authentication failure; logname= uid=0 euid=0 tty=ssh ruser= rhost=212.129.62.227
Feb 19 16:52:57 abhishekghosh sshd[4550]: Failed password for root from 58.218.199.218 port 13906 ssh2
Feb 19 16:52:57 abhishekghosh sshd[4550]: Received disconnect from 58.218.199.218: 11:  [preauth]
Feb 19 16:52:57 abhishekghosh sshd[4550]: PAM 2 more authentication failures; logname= uid=0 euid=0 tty=ssh ruser= rhost=58.218.199.218  user=root
Feb 19 16:52:57 abhishekghosh sshd[4553]: Failed password for invalid user teamspeak from 212.129.62.227 port 53463 ssh2
Feb 19 16:52:57 abhishekghosh sshd[4553]: Connection closed by 212.129.62.227 [preauth]
Feb 19 16:52:58 abhishekghosh sshd[4555]: error: Could not load host key: /etc/ssh/ssh_host_ed25519_key
Feb 19 16:52:58 abhishekghosh sshd[4555]: Invalid user support from 212.129.62.227
Feb 19 16:52:58 abhishekghosh sshd[4555]: input_userauth_request: invalid user support [preauth]
Feb 19 16:52:58 abhishekghosh sshd[4555]: pam_unix(sshd:auth): check pass; user unknown
Feb 19 16:52:58 abhishekghosh sshd[4555]: pam_unix(sshd:auth): authentication failure; logname= uid=0 euid=0 tty=ssh ruser= rhost=212.129.62.227
Feb 19 16:53:00 abhishekghosh sshd[4555]: Failed password for invalid user support from 212.129.62.227 port 59909 ssh2
Feb 19 16:53:00 abhishekghosh sshd[4555]: Connection closed by 212.129.62.227 [preauth]
Feb 19 16:53:00 abhishekghosh sshd[4557]: error: Could not load host key: /etc/ssh/ssh_host_ed25519_key
Feb 19 16:53:00 abhishekghosh sshd[4557]: Invalid user user from 212.129.62.227
Feb 19 16:53:00 abhishekghosh sshd[4557]: input_userauth_request: invalid user user [preauth]
Feb 19 16:53:00 abhishekghosh sshd[4557]: pam_unix(sshd:auth): check pass; user unknown
Feb 19 16:53:00 abhishekghosh sshd[4557]: pam_unix(sshd:auth): authentication failure; logname= uid=0 euid=0 tty=ssh ruser= rhost=212.129.62.227
Feb 19 16:53:02 abhishekghosh sshd[4557]: Failed password for invalid user user from 212.129.62.227 port 53069 ssh2
Feb 19 16:53:02 abhishekghosh sshd[4557]: Connection closed by 212.129.62.227 [preauth]
Feb 19 16:53:02 abhishekghosh sshd[4559]: error: Could not load host key: /etc/ssh/ssh_host_ed25519_key
Feb 19 16:53:03 abhishekghosh sshd[4559]: pam_unix(sshd:auth): authentication failure; logname= uid=0 euid=0 tty=ssh ruser= rhost=212.129.62.227  user=root
Feb 19 16:53:04 abhishekghosh sshd[4559]: Failed password for root from 212.129.62.227 port 59612 ssh2
Feb 19 16:53:04 abhishekghosh sshd[4559]: Connection closed by 212.129.62.227 [preauth]
Feb 19 16:53:04 abhishekghosh sshd[4561]: error: Could not load host key: /etc/ssh/ssh_host_ed25519_key
Feb 19 16:53:05 abhishekghosh sshd[4561]: Invalid user admin from 212.129.62.227
Feb 19 16:53:05 abhishekghosh sshd[4561]: input_userauth_request: invalid user admin [preauth]
Feb 19 16:53:05 abhishekghosh sshd[4561]: pam_unix(sshd:auth): check pass; user unknown
Feb 19 16:53:05 abhishekghosh sshd[4561]: pam_unix(sshd:auth): authentication failure; logname= uid=0 euid=0 tty=ssh ruser= rhost=212.129.62.227
Feb 19 16:53:07 abhishekghosh sshd[4561]: Failed password for invalid user admin from 212.129.62.227 port 65169 ssh2
Feb 19 16:53:07 abhishekghosh sshd[4561]: Connection closed by 212.129.62.227 [preauth]
Feb 19 16:53:07 abhishekghosh sshd[4563]: error: Could not load host key: /etc/ssh/ssh_host_ed25519_key
Feb 19 16:53:07 abhishekghosh sshd[4563]: Invalid user guest from 212.129.62.227
Feb 19 16:53:07 abhishekghosh sshd[4563]: input_userauth_request: invalid user guest [preauth]
Feb 19 16:53:07 abhishekghosh sshd[4563]: pam_unix(sshd:auth): check pass; user unknown
Feb 19 16:53:07 abhishekghosh sshd[4563]: pam_unix(sshd:auth): authentication failure; logname= uid=0 euid=0 tty=ssh ruser= rhost=212.129.62.227
Feb 19 16:53:09 abhishekghosh sshd[4563]: Failed password for invalid user guest from 212.129.62.227 port 53858 ssh2
Feb 19 16:53:09 abhishekghosh sshd[4563]: Connection closed by 212.129.62.227 [preauth]
Feb 19 16:53:09 abhishekghosh sshd[4565]: error: Could not load host key: /etc/ssh/ssh_host_ed25519_key
Feb 19 16:53:10 abhishekghosh sshd[4565]: Invalid user login from 212.129.62.227
Feb 19 16:53:10 abhishekghosh sshd[4565]: input_userauth_request: invalid user login [preauth]
Feb 19 16:53:10 abhishekghosh sshd[4565]: pam_unix(sshd:auth): check pass; user unknown
Feb 19 16:53:10 abhishekghosh sshd[4565]: pam_unix(sshd:auth): authentication failure; logname= uid=0 euid=0 tty=ssh ruser= rhost=212.129.62.227
Feb 19 16:53:12 abhishekghosh sshd[4565]: Failed password for invalid user login from 212.129.62.227 port 64836 ssh2
Feb 19 16:53:12 abhishekghosh sshd[4565]: Connection closed by 212.129.62.227 [preauth]
Feb 19 16:53:12 abhishekghosh sshd[4567]: error: Could not load host key: /etc/ssh/ssh_host_ed25519_key
Feb 19 16:53:12 abhishekghosh sshd[4567]: Invalid user guest from 212.129.62.227
Feb 19 16:53:12 abhishekghosh sshd[4567]: input_userauth_request: invalid user guest [preauth]
Feb 19 16:53:12 abhishekghosh sshd[4567]: pam_unix(sshd:auth): check pass; user unknown
Feb 19 16:53:12 abhishekghosh sshd[4567]: pam_unix(sshd:auth): authentication failure; logname= uid=0 euid=0 tty=ssh ruser= rhost=212.129.62.227
Feb 19 16:53:14 abhishekghosh sshd[4567]: Failed password for invalid user guest from 212.129.62.227 port 53402 ssh2
Feb 19 16:53:14 abhishekghosh sshd[4567]: Connection closed by 212.129.62.227 [preauth]
Feb 19 16:53:14 abhishekghosh sshd[4569]: error: Could not load host key: /etc/ssh/ssh_host_ed25519_key
Feb 19 16:53:15 abhishekghosh sshd[4569]: Invalid user support from 212.129.62.227
Feb 19 16:53:15 abhishekghosh sshd[4569]: input_userauth_request: invalid user support [preauth]
Feb 19 16:53:15 abhishekghosh sshd[4569]: pam_unix(sshd:auth): check pass; user unknown
Feb 19 16:53:15 abhishekghosh sshd[4569]: pam_unix(sshd:auth): authentication failure; logname= uid=0 euid=0 tty=ssh ruser= rhost=212.129.62.227
Feb 19 16:53:16 abhishekghosh sshd[4569]: Failed password for invalid user support from 212.129.62.227 port 62266 ssh2
Feb 19 16:53:17 abhishekghosh sshd[4569]: Connection closed by 212.129.62.227 [preauth]
Feb 19 16:53:17 abhishekghosh sshd[4571]: error: Could not load host key: /etc/ssh/ssh_host_ed25519_key
Feb 19 16:53:17 abhishekghosh sshd[4571]: Invalid user user from 212.129.62.227
Feb 19 16:53:17 abhishekghosh sshd[4571]: input_userauth_request: invalid user user [preauth]
Feb 19 16:53:17 abhishekghosh sshd[4571]: pam_unix(sshd:auth): check pass; user unknown
Feb 19 16:53:17 abhishekghosh sshd[4571]: pam_unix(sshd:auth): authentication failure; logname= uid=0 euid=0 tty=ssh ruser= rhost=212.129.62.227
Feb 19 16:53:19 abhishekghosh sshd[4571]: Failed password for invalid user user from 212.129.62.227 port 56748 ssh2
Feb 19 16:53:19 abhishekghosh sshd[4571]: Connection closed by 212.129.62.227 [preauth]
Feb 19 16:53:19 abhishekghosh sshd[4573]: error: Could not load host key: /etc/ssh/ssh_host_ed25519_key
Feb 19 16:53:20 abhishekghosh sshd[4573]: Invalid user admin from 212.129.62.227
Feb 19 16:53:20 abhishekghosh sshd[4573]: input_userauth_request: invalid user admin [preauth]
Feb 19 16:53:20 abhishekghosh sshd[4573]: pam_unix(sshd:auth): check pass; user unknown
Feb 19 16:53:20 abhishekghosh sshd[4573]: pam_unix(sshd:auth): authentication failure; logname= uid=0 euid=0 tty=ssh ruser= rhost=212.129.62.227
Feb 19 16:53:22 abhishekghosh sshd[4573]: Failed password for invalid user admin from 212.129.62.227 port 63233 ssh2
Feb 19 16:53:22 abhishekghosh sshd[4573]: Connection closed by 212.129.62.227 [preauth]
Feb 19 16:53:22 abhishekghosh sshd[4575]: error: Could not load host key: /etc/ssh/ssh_host_ed25519_key
Feb 19 16:53:23 abhishekghosh sshd[4575]: pam_unix(sshd:auth): authentication failure; logname= uid=0 euid=0 tty=ssh ruser= rhost=212.129.62.227  user=root
Feb 19 16:53:25 abhishekghosh sshd[4575]: Failed password for root from 212.129.62.227 port 58582 ssh2
Feb 19 16:53:25 abhishekghosh sshd[4575]: Connection closed by 212.129.62.227 [preauth]
Feb 19 16:53:25 abhishekghosh sshd[4577]: error: Could not load host key: /etc/ssh/ssh_host_ed25519_key
Feb 19 16:53:25 abhishekghosh sshd[4577]: Invalid user john from 212.129.62.227
Feb 19 16:53:25 abhishekghosh sshd[4577]: input_userauth_request: invalid user john [preauth]
Feb 19 16:53:25 abhishekghosh sshd[4577]: pam_unix(sshd:auth): check pass; user unknown
Feb 19 16:53:25 abhishekghosh sshd[4577]: pam_unix(sshd:auth): authentication failure; logname= uid=0 euid=0 tty=ssh ruser= rhost=212.129.62.227
Feb 19 16:53:26 abhishekghosh sshd[4579]: error: Could not load host key: /etc/ssh/ssh_host_ed25519_key
Feb 19 16:53:28 abhishekghosh sshd[4577]: Failed password for invalid user john from 212.129.62.227 port 52979 ssh2
Feb 19 16:53:28 abhishekghosh sshd[4577]: Connection closed by 212.129.62.227 [preauth]
Feb 19 16:53:28 abhishekghosh sshd[4581]: error: Could not load host key: /etc/ssh/ssh_host_ed25519_key
Feb 19 16:53:28 abhishekghosh sshd[4581]: Invalid user user from 212.129.62.227
Feb 19 16:53:28 abhishekghosh sshd[4581]: input_userauth_request: invalid user user [preauth]
Feb 19 16:53:28 abhishekghosh sshd[4581]: pam_unix(sshd:auth): check pass; user unknown
Feb 19 16:53:28 abhishekghosh sshd[4581]: pam_unix(sshd:auth): authentication failure; logname= uid=0 euid=0 tty=ssh ruser= rhost=212.129.62.227
Feb 19 16:53:28 abhishekghosh sshd[4583]: error: Could not load host key: /etc/ssh/ssh_host_ed25519_key
Feb 19 16:53:28 abhishekghosh sshd[4579]: pam_unix(sshd:auth): authentication failure; logname= uid=0 euid=0 tty=ssh ruser= rhost=58.218.199.218  user=root
Feb 19 16:53:30 abhishekghosh sshd[4581]: Failed password for invalid user user from 212.129.62.227 port 62501 ssh2
Feb 19 16:53:30 abhishekghosh sshd[4581]: Connection closed by 212.129.62.227 [preauth]
Feb 19 16:53:30 abhishekghosh sshd[4585]: error: Could not load host key: /etc/ssh/ssh_host_ed25519_key
Feb 19 16:53:30 abhishekghosh sshd[4579]: Failed password for root from 58.218.199.218 port 41115 ssh2
Feb 19 16:53:30 abhishekghosh sshd[4585]: Invalid user public from 212.129.62.227
Feb 19 16:53:30 abhishekghosh sshd[4585]: input_userauth_request: invalid user public [preauth]
Feb 19 16:53:30 abhishekghosh sshd[4585]: pam_unix(sshd:auth): check pass; user unknown
Feb 19 16:53:30 abhishekghosh sshd[4585]: pam_unix(sshd:auth): authentication failure; logname= uid=0 euid=0 tty=ssh ruser= rhost=212.129.62.227
Feb 19 16:53:30 abhishekghosh sshd[4583]: pam_unix(sshd:auth): authentication failure; logname= uid=0 euid=0 tty=ssh ruser= rhost=116.31.116.11  user=root
Feb 19 16:53:32 abhishekghosh sshd[4585]: Failed password for invalid user public from 212.129.62.227 port 62494 ssh2
Feb 19 16:53:32 abhishekghosh sshd[4585]: Connection closed by 212.129.62.227 [preauth]
Feb 19 16:53:32 abhishekghosh sshd[4587]: error: Could not load host key: /etc/ssh/ssh_host_ed25519_key
Feb 19 16:53:32 abhishekghosh sshd[4583]: Failed password for root from 116.31.116.11 port 11615 ssh2
Feb 19 16:53:32 abhishekghosh sshd[4587]: Invalid user Berwyn from 212.129.62.227
Feb 19 16:53:32 abhishekghosh sshd[4587]: input_userauth_request: invalid user Berwyn [preauth]
Feb 19 16:53:32 abhishekghosh sshd[4587]: pam_unix(sshd:auth): check pass; user unknown
Feb 19 16:53:32 abhishekghosh sshd[4587]: pam_unix(sshd:auth): authentication failure; logname= uid=0 euid=0 tty=ssh ruser= rhost=212.129.62.227
Feb 19 16:53:33 abhishekghosh sshd[4545]: Received signal 15; terminating.
Feb 19 16:53:33 abhishekghosh sshd[4579]: Failed password for root from 58.218.199.218 port 41115 ssh2
Feb 19 16:53:33 abhishekghosh sshd[4589]: Server listening on 0.0.0.0 port 22.
Feb 19 16:53:33 abhishekghosh sshd[4589]: Server listening on :: port 22.
Feb 19 16:53:35 abhishekghosh sshd[4583]: Failed password for root from 116.31.116.11 port 11615 ssh2
Feb 19 16:53:35 abhishekghosh sshd[4579]: Failed password for root from 58.218.199.218 port 41115 ssh2
Feb 19 16:53:35 abhishekghosh sshd[4587]: Failed password for invalid user Berwyn from 212.129.62.227 port 64091 ssh2
Feb 19 16:53:35 abhishekghosh sshd[4587]: Connection closed by 212.129.62.227 [preauth]
Feb 19 16:53:35 abhishekghosh sshd[4590]: error: Could not load host key: /etc/ssh/ssh_host_ed25519_key
Feb 19 16:53:35 abhishekghosh sshd[4579]: Received disconnect from 58.218.199.218: 11:  [preauth]
Feb 19 16:53:35 abhishekghosh sshd[4579]: PAM 2 more authentication failures; logname= uid=0 euid=0 tty=ssh ruser= rhost=58.218.199.218  user=root
Feb 19 16:53:36 abhishekghosh sshd[4590]: Invalid user admin from 212.129.62.227
Feb 19 16:53:36 abhishekghosh sshd[4590]: input_userauth_request: invalid user admin [preauth]
Feb 19 16:53:36 abhishekghosh sshd[4590]: pam_unix(sshd:auth): check pass; user unknown
Feb 19 16:53:36 abhishekghosh sshd[4590]: pam_unix(sshd:auth): authentication failure; logname= uid=0 euid=0 tty=ssh ruser= rhost=212.129.62.227
Feb 19 16:53:37 abhishekghosh sshd[4583]: Failed password for root from 116.31.116.11 port 11615 ssh2
Feb 19 16:53:37 abhishekghosh sshd[4583]: Received disconnect from 116.31.116.11: 11:  [preauth]
Feb 19 16:53:37 abhishekghosh sshd[4583]: PAM 2 more authentication failures; logname= uid=0 euid=0 tty=ssh ruser= rhost=116.31.116.11  user=root
Feb 19 16:53:38 abhishekghosh sshd[4590]: Failed password for invalid user admin from 212.129.62.227 port 59434 ssh2
Feb 19 16:53:38 abhishekghosh sshd[4590]: Connection closed by 212.129.62.227 [preauth]
Feb 19 16:53:38 abhishekghosh sshd[4592]: error: Could not load host key: /etc/ssh/ssh_host_ed25519_key
Feb 19 16:53:38 abhishekghosh sshd[4592]: Invalid user keaton from 212.129.62.227
Feb 19 16:53:38 abhishekghosh sshd[4592]: input_userauth_request: invalid user keaton [preauth]
Feb 19 16:53:39 abhishekghosh sshd[4592]: pam_unix(sshd:auth): check pass; user unknown
Feb 19 16:53:39 abhishekghosh sshd[4592]: pam_unix(sshd:auth): authentication failure; logname= uid=0 euid=0 tty=ssh ruser= rhost=212.129.62.227
Feb 19 16:53:40 abhishekghosh sshd[4592]: Failed password for invalid user keaton from 212.129.62.227 port 52934 ssh2
Feb 19 16:53:40 abhishekghosh sshd[4592]: Connection closed by 212.129.62.227 [preauth]
Feb 19 16:53:40 abhishekghosh sshd[4594]: error: Could not load host key: /etc/ssh/ssh_host_ed25519_key
Feb 19 16:53:40 abhishekghosh sshd[4594]: Invalid user pi from 212.129.62.227
Feb 19 16:53:40 abhishekghosh sshd[4594]: input_userauth_request: invalid user pi [preauth]
Feb 19 16:53:40 abhishekghosh sshd[4594]: pam_unix(sshd:auth): check pass; user unknown
Feb 19 16:53:40 abhishekghosh sshd[4594]: pam_unix(sshd:auth): authentication failure; logname= uid=0 euid=0 tty=ssh ruser= rhost=212.129.62.227
Feb 19 16:53:42 abhishekghosh sshd[4594]: Failed password for invalid user pi from 212.129.62.227 port 50636 ssh2
Feb 19 16:53:42 abhishekghosh sshd[4594]: Connection closed by 212.129.62.227 [preauth]
Feb 19 16:53:42 abhishekghosh sshd[4596]: error: Could not load host key: /etc/ssh/ssh_host_ed25519_key
Feb 19 16:53:42 abhishekghosh sshd[4596]: Invalid user vyatta from 212.129.62.227
Feb 19 16:53:42 abhishekghosh sshd[4596]: input_userauth_request: invalid user vyatta [preauth]
Feb 19 16:53:42 abhishekghosh sshd[4596]: pam_unix(sshd:auth): check pass; user unknown
Feb 19 16:53:42 abhishekghosh sshd[4596]: pam_unix(sshd:auth): authentication failure; logname= uid=0 euid=0 tty=ssh ruser= rhost=212.129.62.227
Feb 19 16:53:44 abhishekghosh sshd[4596]: Failed password for invalid user vyatta from 212.129.62.227 port 63976 ssh2
Feb 19 16:53:44 abhishekghosh sshd[4596]: Connection closed by 212.129.62.227 [preauth]
Feb 19 16:53:44 abhishekghosh sshd[4598]: error: Could not load host key: /etc/ssh/ssh_host_ed25519_key
Feb 19 16:53:45 abhishekghosh sshd[4598]: Invalid user jordan from 212.129.62.227
Feb 19 16:53:45 abhishekghosh sshd[4598]: input_userauth_request: invalid user jordan [preauth]
Feb 19 16:53:45 abhishekghosh sshd[4598]: pam_unix(sshd:auth): check pass; user unknown
Feb 19 16:53:45 abhishekghosh sshd[4598]: pam_unix(sshd:auth): authentication failure; logname= uid=0 euid=0 tty=ssh ruser= rhost=212.129.62.227
Feb 19 16:53:47 abhishekghosh sshd[4598]: Failed password for invalid user jordan from 212.129.62.227 port 54190 ssh2
Feb 19 16:53:47 abhishekghosh sshd[4598]: Connection closed by 212.129.62.227 [preauth]
Feb 19 16:53:47 abhishekghosh sshd[4600]: error: Could not load host key: /etc/ssh/ssh_host_ed25519_key
Feb 19 16:53:47 abhishekghosh sshd[4600]: Invalid user administrator from 212.129.62.227
Feb 19 16:53:47 abhishekghosh sshd[4600]: input_userauth_request: invalid user administrator [preauth]
Feb 19 16:53:47 abhishekghosh sshd[4600]: pam_unix(sshd:auth): check pass; user unknown
Feb 19 16:53:47 abhishekghosh sshd[4600]: pam_unix(sshd:auth): authentication failure; logname= uid=0 euid=0 tty=ssh ruser= rhost=212.129.62.227
Feb 19 16:53:49 abhishekghosh sshd[4600]: Failed password for invalid user administrator from 212.129.62.227 port 64831 ssh2
Feb 19 16:53:49 abhishekghosh sshd[4600]: Connection closed by 212.129.62.227 [preauth]
Feb 19 16:53:49 abhishekghosh sshd[4602]: error: Could not load host key: /etc/ssh/ssh_host_ed25519_key
Feb 19 16:53:50 abhishekghosh sshd[4602]: Invalid user ftpuser from 212.129.62.227
Feb 19 16:53:50 abhishekghosh sshd[4602]: input_userauth_request: invalid user ftpuser [preauth]
Feb 19 16:53:50 abhishekghosh sshd[4602]: pam_unix(sshd:auth): check pass; user unknown
Feb 19 16:53:50 abhishekghosh sshd[4602]: pam_unix(sshd:auth): authentication failure; logname= uid=0 euid=0 tty=ssh ruser= rhost=212.129.62.227
Feb 19 16:53:52 abhishekghosh sshd[4602]: Failed password for invalid user ftpuser from 212.129.62.227 port 62748 ssh2
Feb 19 16:53:52 abhishekghosh sshd[4602]: Connection closed by 212.129.62.227 [preauth]
Feb 19 16:53:52 abhishekghosh sshd[4604]: error: Could not load host key: /etc/ssh/ssh_host_ed25519_key
Feb 19 16:53:52 abhishekghosh sshd[4604]: Invalid user camera from 212.129.62.227
Feb 19 16:53:52 abhishekghosh sshd[4604]: input_userauth_request: invalid user camera [preauth]
Feb 19 16:53:52 abhishekghosh sshd[4604]: pam_unix(sshd:auth): check pass; user unknown
Feb 19 16:53:52 abhishekghosh sshd[4604]: pam_unix(sshd:auth): authentication failure; logname= uid=0 euid=0 tty=ssh ruser= rhost=212.129.62.227
Feb 19 16:53:54 abhishekghosh sshd[4604]: Failed password for invalid user camera from 212.129.62.227 port 52490 ssh2
Feb 19 16:53:54 abhishekghosh sshd[4604]: Connection closed by 212.129.62.227 [preauth]
Feb 19 16:53:54 abhishekghosh sshd[4606]: error: Could not load host key: /etc/ssh/ssh_host_ed25519_key
Feb 19 16:53:55 abhishekghosh sshd[4606]: Invalid user svn from 212.129.62.227
Feb 19 16:53:55 abhishekghosh sshd[4606]: input_userauth_request: invalid user svn [preauth]
Feb 19 16:53:55 abhishekghosh sshd[4606]: pam_unix(sshd:auth): check pass; user unknown
Feb 19 16:53:55 abhishekghosh sshd[4606]: pam_unix(sshd:auth): authentication failure; logname= uid=0 euid=0 tty=ssh ruser= rhost=212.129.62.227
Feb 19 16:53:57 abhishekghosh sshd[4606]: Failed password for invalid user svn from 212.129.62.227 port 50699 ssh2
Feb 19 16:53:57 abhishekghosh sshd[4606]: Connection closed by 212.129.62.227 [preauth]
Feb 19 16:53:57 abhishekghosh sshd[4608]: error: Could not load host key: /etc/ssh/ssh_host_ed25519_key
Feb 19 16:53:57 abhishekghosh sshd[4608]: Invalid user anna from 212.129.62.227
Feb 19 16:53:57 abhishekghosh sshd[4608]: input_userauth_request: invalid user anna [preauth]
Feb 19 16:53:58 abhishekghosh sshd[4608]: pam_unix(sshd:auth): check pass; user unknown
Feb 19 16:53:58 abhishekghosh sshd[4608]: pam_unix(sshd:auth): authentication failure; logname= uid=0 euid=0 tty=ssh ruser= rhost=212.129.62.227
Feb 19 16:53:59 abhishekghosh sshd[4608]: Failed password for invalid user anna from 212.129.62.227 port 54267 ssh2
Feb 19 16:53:59 abhishekghosh sshd[4608]: Connection closed by 212.129.62.227 [preauth]
Feb 19 16:53:59 abhishekghosh sshd[4610]: error: Could not load host key: /etc/ssh/ssh_host_ed25519_key
Feb 19 16:54:00 abhishekghosh sshd[4610]: Invalid user library from 212.129.62.227
Feb 19 16:54:00 abhishekghosh sshd[4610]: input_userauth_request: invalid user library [preauth]
Feb 19 16:54:00 abhishekghosh sshd[4610]: pam_unix(sshd:auth): check pass; user unknown
Feb 19 16:54:00 abhishekghosh sshd[4610]: pam_unix(sshd:auth): authentication failure; logname= uid=0 euid=0 tty=ssh ruser= rhost=212.129.62.227
Feb 19 16:54:02 abhishekghosh sshd[4610]: Failed password for invalid user library from 212.129.62.227 port 51295 ssh2
Feb 19 16:54:02 abhishekghosh sshd[4610]: Connection closed by 212.129.62.227 [preauth]
Feb 19 16:54:02 abhishekghosh sshd[4612]: error: Could not load host key: /etc/ssh/ssh_host_ed25519_key
Feb 19 16:54:02 abhishekghosh sshd[4612]: Invalid user 12345 from 212.129.62.227
Feb 19 16:54:02 abhishekghosh sshd[4612]: input_userauth_request: invalid user 12345 [preauth]
Feb 19 16:54:03 abhishekghosh sshd[4612]: pam_unix(sshd:auth): check pass; user unknown
Feb 19 16:54:03 abhishekghosh sshd[4612]: pam_unix(sshd:auth): authentication failure; logname= uid=0 euid=0 tty=ssh ruser= rhost=212.129.62.227
Feb 19 16:54:05 abhishekghosh sshd[4612]: Failed password for invalid user 12345 from 212.129.62.227 port 60707 ssh2
Feb 19 16:54:05 abhishekghosh sshd[4612]: Connection closed by 212.129.62.227 [preauth]
Feb 19 16:54:05 abhishekghosh sshd[4614]: error: Could not load host key: /etc/ssh/ssh_host_ed25519_key
Feb 19 16:54:05 abhishekghosh sshd[4614]: Invalid user ace from 212.129.62.227
Feb 19 16:54:05 abhishekghosh sshd[4614]: input_userauth_request: invalid user ace [preauth]
Feb 19 16:54:05 abhishekghosh sshd[4614]: pam_unix(sshd:auth): check pass; user unknown
Feb 19 16:54:05 abhishekghosh sshd[4614]: pam_unix(sshd:auth): authentication failure; logname= uid=0 euid=0 tty=ssh ruser= rhost=212.129.62.227
Feb 19 16:54:05 abhishekghosh sshd[4616]: error: Could not load host key: /etc/ssh/ssh_host_ed25519_key
Feb 19 16:54:07 abhishekghosh sshd[4614]: Failed password for invalid user ace from 212.129.62.227 port 52923 ssh2
Feb 19 16:54:07 abhishekghosh sshd[4614]: Connection closed by 212.129.62.227 [preauth]
Feb 19 16:54:07 abhishekghosh sshd[4618]: error: Could not load host key: /etc/ssh/ssh_host_ed25519_key
Feb 19 16:54:07 abhishekghosh sshd[4618]: Invalid user music from 212.129.62.227
Feb 19 16:54:07 abhishekghosh sshd[4618]: input_userauth_request: invalid user music [preauth]
Feb 19 16:54:07 abhishekghosh sshd[4618]: pam_unix(sshd:auth): check pass; user unknown
Feb 19 16:54:07 abhishekghosh sshd[4618]: pam_unix(sshd:auth): authentication failure; logname= uid=0 euid=0 tty=ssh ruser= rhost=212.129.62.227
Feb 19 16:54:10 abhishekghosh sshd[4618]: Failed password for invalid user music from 212.129.62.227 port 54906 ssh2
Feb 19 16:54:10 abhishekghosh sshd[4618]: Connection closed by 212.129.62.227 [preauth]
Feb 19 16:54:10 abhishekghosh sshd[4620]: error: Could not load host key: /etc/ssh/ssh_host_ed25519_key
Feb 19 16:54:10 abhishekghosh sshd[4616]: pam_unix(sshd:auth): authentication failure; logname= uid=0 euid=0 tty=ssh ruser= rhost=58.218.199.218  user=root
Feb 19 16:54:10 abhishekghosh sshd[4620]: Invalid user office from 212.129.62.227
Feb 19 16:54:10 abhishekghosh sshd[4620]: input_userauth_request: invalid user office [preauth]
Feb 19 16:54:10 abhishekghosh sshd[4620]: pam_unix(sshd:auth): check pass; user unknown
Feb 19 16:54:10 abhishekghosh sshd[4620]: pam_unix(sshd:auth): authentication failure; logname= uid=0 euid=0 tty=ssh ruser= rhost=212.129.62.227
Feb 19 16:54:12 abhishekghosh sshd[4616]: Failed password for root from 58.218.199.218 port 57802 ssh2
Feb 19 16:54:12 abhishekghosh sshd[4620]: Failed password for invalid user office from 212.129.62.227 port 57981 ssh2
Feb 19 16:54:12 abhishekghosh sshd[4620]: Connection closed by 212.129.62.227 [preauth]
Feb 19 16:54:12 abhishekghosh sshd[4622]: error: Could not load host key: /etc/ssh/ssh_host_ed25519_key
Feb 19 16:54:12 abhishekghosh sshd[4624]: error: Could not load host key: /etc/ssh/ssh_host_ed25519_key
Feb 19 16:54:13 abhishekghosh sshd[4622]: Invalid user david from 212.129.62.227
Feb 19 16:54:13 abhishekghosh sshd[4622]: input_userauth_request: invalid user david [preauth]
Feb 19 16:54:13 abhishekghosh sshd[4622]: pam_unix(sshd:auth): check pass; user unknown
Feb 19 16:54:13 abhishekghosh sshd[4622]: pam_unix(sshd:auth): authentication failure; logname= uid=0 euid=0 tty=ssh ruser= rhost=212.129.62.227
Feb 19 16:54:15 abhishekghosh sshd[4616]: Failed password for root from 58.218.199.218 port 57802 ssh2
Feb 19 16:54:15 abhishekghosh sshd[4622]: Failed password for invalid user david from 212.129.62.227 port 55693 ssh2
Feb 19 16:54:15 abhishekghosh sshd[4622]: Connection closed by 212.129.62.227 [preauth]
Feb 19 16:54:15 abhishekghosh sshd[4626]: error: Could not load host key: /etc/ssh/ssh_host_ed25519_key
Feb 19 16:54:15 abhishekghosh sshd[4626]: Invalid user apache from 212.129.62.227
Feb 19 16:54:15 abhishekghosh sshd[4626]: input_userauth_request: invalid user apache [preauth]
Feb 19 16:54:15 abhishekghosh sshd[4624]: pam_unix(sshd:auth): authentication failure; logname= uid=0 euid=0 tty=ssh ruser= rhost=116.31.116.11  user=root
Feb 19 16:54:15 abhishekghosh sshd[4626]: pam_unix(sshd:auth): check pass; user unknown
Feb 19 16:54:15 abhishekghosh sshd[4626]: pam_unix(sshd:auth): authentication failure; logname= uid=0 euid=0 tty=ssh ruser= rhost=212.129.62.227
Feb 19 16:54:17 abhishekghosh sshd[4616]: Failed password for root from 58.218.199.218 port 57802 ssh2
Feb 19 16:54:17 abhishekghosh sshd[4624]: Failed password for root from 116.31.116.11 port 59970 ssh2
Feb 19 16:54:17 abhishekghosh sshd[4626]: Failed password for invalid user apache from 212.129.62.227 port 50135 ssh2
Feb 19 16:54:17 abhishekghosh sshd[4626]: Connection closed by 212.129.62.227 [preauth]
Feb 19 16:54:17 abhishekghosh sshd[4628]: error: Could not load host key: /etc/ssh/ssh_host_ed25519_key
Feb 19 16:54:17 abhishekghosh sshd[4616]: Received disconnect from 58.218.199.218: 11:  [preauth]
Feb 19 16:54:17 abhishekghosh sshd[4616]: PAM 2 more authentication failures; logname= uid=0 euid=0 tty=ssh ruser= rhost=58.218.199.218  user=root
Feb 19 16:54:18 abhishekghosh sshd[4628]: Invalid user test from 212.129.62.227
Feb 19 16:54:18 abhishekghosh sshd[4628]: input_userauth_request: invalid user test [preauth]
Feb 19 16:54:18 abhishekghosh sshd[4628]: pam_unix(sshd:auth): check pass; user unknown
Feb 19 16:54:18 abhishekghosh sshd[4628]: pam_unix(sshd:auth): authentication failure; logname= uid=0 euid=0 tty=ssh ruser= rhost=212.129.62.227
Feb 19 16:54:20 abhishekghosh sshd[4624]: Failed password for root from 116.31.116.11 port 59970 ssh2
Feb 19 16:54:20 abhishekghosh sshd[4628]: Failed password for invalid user test from 212.129.62.227 port 62073 ssh2
Feb 19 16:54:20 abhishekghosh sshd[4628]: Connection closed by 212.129.62.227 [preauth]
Feb 19 16:54:20 abhishekghosh sshd[4630]: error: Could not load host key: /etc/ssh/ssh_host_ed25519_key
Feb 19 16:54:20 abhishekghosh sshd[4630]: Invalid user edwin from 212.129.62.227
Feb 19 16:54:20 abhishekghosh sshd[4630]: input_userauth_request: invalid user edwin [preauth]
Feb 19 16:54:20 abhishekghosh sshd[4630]: pam_unix(sshd:auth): check pass; user unknown
Feb 19 16:54:20 abhishekghosh sshd[4630]: pam_unix(sshd:auth): authentication failure; logname= uid=0 euid=0 tty=ssh ruser= rhost=212.129.62.227
Feb 19 16:54:22 abhishekghosh sshd[4624]: Failed password for root from 116.31.116.11 port 59970 ssh2
Feb 19 16:54:23 abhishekghosh sshd[4630]: Failed password for invalid user edwin from 212.129.62.227 port 60864 ssh2
Feb 19 16:54:23 abhishekghosh sshd[4630]: Connection closed by 212.129.62.227 [preauth]
Feb 19 16:54:23 abhishekghosh sshd[4624]: Received disconnect from 116.31.116.11: 11:  [preauth]
Feb 19 16:54:23 abhishekghosh sshd[4624]: PAM 2 more authentication failures; logname= uid=0 euid=0 tty=ssh ruser= rhost=116.31.116.11  user=root
Feb 19 16:54:23 abhishekghosh sshd[4632]: error: Could not load host key: /etc/ssh/ssh_host_ed25519_key
Feb 19 16:54:23 abhishekghosh sshd[4632]: Invalid user adm from 212.129.62.227
Feb 19 16:54:23 abhishekghosh sshd[4632]: input_userauth_request: invalid user adm [preauth]
Feb 19 16:54:23 abhishekghosh sshd[4632]: pam_unix(sshd:auth): check pass; user unknown
Feb 19 16:54:23 abhishekghosh sshd[4632]: pam_unix(sshd:auth): authentication failure; logname= uid=0 euid=0 tty=ssh ruser= rhost=212.129.62.227
Feb 19 16:54:25 abhishekghosh sshd[4632]: Failed password for invalid user adm from 212.129.62.227 port 49208 ssh2
Feb 19 16:54:26 abhishekghosh sshd[4632]: Connection closed by 212.129.62.227 [preauth]
Feb 19 16:54:26 abhishekghosh sshd[4634]: error: Could not load host key: /etc/ssh/ssh_host_ed25519_key
Feb 19 16:54:26 abhishekghosh sshd[4634]: pam_unix(sshd:auth): authentication failure; logname= uid=0 euid=0 tty=ssh ruser= rhost=212.129.62.227  user=root
Feb 19 16:54:28 abhishekghosh sshd[4634]: Failed password for root from 212.129.62.227 port 60239 ssh2
Feb 19 16:54:29 abhishekghosh sshd[4634]: Connection closed by 212.129.62.227 [preauth]
Feb 19 16:54:29 abhishekghosh sshd[4636]: error: Could not load host key: /etc/ssh/ssh_host_ed25519_key
Feb 19 16:54:29 abhishekghosh sshd[4636]: Invalid user operator from 212.129.62.227
Feb 19 16:54:29 abhishekghosh sshd[4636]: input_userauth_request: invalid user operator [preauth]
Feb 19 16:54:29 abhishekghosh sshd[4636]: pam_unix(sshd:auth): check pass; user unknown
Feb 19 16:54:29 abhishekghosh sshd[4636]: pam_unix(sshd:auth): authentication failure; logname= uid=0 euid=0 tty=ssh ruser= rhost=212.129.62.227
Feb 19 16:54:31 abhishekghosh sshd[4636]: Failed password for invalid user operator from 212.129.62.227 port 57784 ssh2
Feb 19 16:54:31 abhishekghosh sshd[4636]: Connection closed by 212.129.62.227 [preauth]
Feb 19 16:54:31 abhishekghosh sshd[4638]: error: Could not load host key: /etc/ssh/ssh_host_ed25519_key
Feb 19 16:54:32 abhishekghosh sshd[4638]: Invalid user manager from 212.129.62.227
Feb 19 16:54:32 abhishekghosh sshd[4638]: input_userauth_request: invalid user manager [preauth]
