Feb 19 18:53:34 abhishekghosh sshd[5943]: PAM 2 more authentication failures; logname= uid=0 euid=0 tty=ssh ruser= rhost=116.31.116.11  user=root
Feb 19 18:53:51 abhishekghosh sshd[5946]: error: Could not load host key: /etc/ssh/ssh_host_ed25519_key
Feb 19 18:53:54 abhishekghosh sshd[5946]: pam_unix(sshd:auth): authentication failure; logname= uid=0 euid=0 tty=ssh ruser= rhost=58.218.199.218  user=root
Feb 19 18:53:55 abhishekghosh sshd[5946]: Failed password for root from 58.218.199.218 port 53163 ssh2
Feb 19 18:53:56 abhishekghosh sshd[5948]: error: Could not load host key: /etc/ssh/ssh_host_ed25519_key
Feb 19 18:53:57 abhishekghosh sshd[5946]: Failed password for root from 58.218.199.218 port 53163 ssh2
Feb 19 18:53:59 abhishekghosh sshd[5948]: pam_unix(sshd:auth): authentication failure; logname= uid=0 euid=0 tty=ssh ruser= rhost=116.31.116.11  user=root
Feb 19 18:53:59 abhishekghosh sshd[5946]: Failed password for root from 58.218.199.218 port 53163 ssh2
Feb 19 18:54:00 abhishekghosh sshd[5946]: Received disconnect from 58.218.199.218: 11:  [preauth]
Feb 19 18:54:00 abhishekghosh sshd[5946]: PAM 2 more authentication failures; logname= uid=0 euid=0 tty=ssh ruser= rhost=58.218.199.218  user=root
Feb 19 18:54:01 abhishekghosh sshd[5948]: Failed password for root from 116.31.116.11 port 54210 ssh2
Feb 19 18:54:05 abhishekghosh sshd[5948]: message repeated 2 times: [ Failed password for root from 116.31.116.11 port 54210 ssh2]
Feb 19 18:54:06 abhishekghosh sshd[5948]: Received disconnect from 116.31.116.11: 11:  [preauth]
Feb 19 18:54:06 abhishekghosh sshd[5948]: PAM 2 more authentication failures; logname= uid=0 euid=0 tty=ssh ruser= rhost=116.31.116.11  user=root
Feb 19 18:54:11 abhishekghosh sshd[5934]: Received signal 15; terminating.
Feb 19 18:54:12 abhishekghosh sshd[5952]: Server listening on 0.0.0.0 port 22.
Feb 19 18:54:12 abhishekghosh sshd[5952]: Server listening on :: port 22.
Feb 19 18:54:24 abhishekghosh sshd[5955]: error: Could not load host key: /etc/ssh/ssh_host_ed25519_key
Feb 19 18:54:26 abhishekghosh sshd[5955]: pam_unix(sshd:auth): authentication failure; logname= uid=0 euid=0 tty=ssh ruser= rhost=58.218.199.218  user=root
Feb 19 18:54:28 abhishekghosh sshd[5955]: Failed password for root from 58.218.199.218 port 40502 ssh2
Feb 19 18:54:32 abhishekghosh sshd[5955]: Failed password for root from 58.218.199.218 port 40502 ssh2
Feb 19 18:54:33 abhishekghosh sshd[5957]: error: Could not load host key: /etc/ssh/ssh_host_ed25519_key
Feb 19 18:54:34 abhishekghosh sshd[5955]: Failed password for root from 58.218.199.218 port 40502 ssh2
Feb 19 18:54:34 abhishekghosh sshd[5955]: Received disconnect from 58.218.199.218: 11:  [preauth]
Feb 19 18:54:34 abhishekghosh sshd[5955]: PAM 2 more authentication failures; logname= uid=0 euid=0 tty=ssh ruser= rhost=58.218.199.218  user=root
Feb 19 18:54:36 abhishekghosh sshd[5957]: pam_unix(sshd:auth): authentication failure; logname= uid=0 euid=0 tty=ssh ruser= rhost=116.31.116.11  user=root
Feb 19 18:54:37 abhishekghosh sshd[5957]: Failed password for root from 116.31.116.11 port 36763 ssh2
Feb 19 18:54:42 abhishekghosh sshd[5957]: message repeated 2 times: [ Failed password for root from 116.31.116.11 port 36763 ssh2]
Feb 19 18:54:43 abhishekghosh sshd[5957]: Received disconnect from 116.31.116.11: 11:  [preauth]
Feb 19 18:54:43 abhishekghosh sshd[5957]: PAM 2 more authentication failures; logname= uid=0 euid=0 tty=ssh ruser= rhost=116.31.116.11  user=root
Feb 19 18:54:57 abhishekghosh sshd[5959]: error: Could not load host key: /etc/ssh/ssh_host_ed25519_key
Feb 19 18:54:59 abhishekghosh sshd[5959]: pam_unix(sshd:auth): authentication failure; logname= uid=0 euid=0 tty=ssh ruser= rhost=58.218.199.218  user=root
Feb 19 18:55:02 abhishekghosh sshd[5959]: Failed password for root from 58.218.199.218 port 26791 ssh2
Feb 19 18:55:07 abhishekghosh sshd[5959]: message repeated 2 times: [ Failed password for root from 58.218.199.218 port 26791 ssh2]
Feb 19 18:55:08 abhishekghosh sshd[5959]: Received disconnect from 58.218.199.218: 11:  [preauth]
Feb 19 18:55:08 abhishekghosh sshd[5959]: PAM 2 more authentication failures; logname= uid=0 euid=0 tty=ssh ruser= rhost=58.218.199.218  user=root
Feb 19 18:55:09 abhishekghosh sshd[5961]: error: Could not load host key: /etc/ssh/ssh_host_ed25519_key
Feb 19 18:55:14 abhishekghosh sshd[5961]: pam_unix(sshd:auth): authentication failure; logname= uid=0 euid=0 tty=ssh ruser= rhost=116.31.116.11  user=root
Feb 19 18:55:16 abhishekghosh sshd[5961]: Failed password for root from 116.31.116.11 port 63133 ssh2
Feb 19 18:55:21 abhishekghosh sshd[5961]: message repeated 2 times: [ Failed password for root from 116.31.116.11 port 63133 ssh2]
Feb 19 18:55:21 abhishekghosh sshd[5961]: Received disconnect from 116.31.116.11: 11:  [preauth]
Feb 19 18:55:21 abhishekghosh sshd[5961]: PAM 2 more authentication failures; logname= uid=0 euid=0 tty=ssh ruser= rhost=116.31.116.11  user=root
Feb 19 18:55:30 abhishekghosh sshd[5963]: error: Could not load host key: /etc/ssh/ssh_host_ed25519_key
Feb 19 18:55:35 abhishekghosh sshd[5963]: pam_unix(sshd:auth): authentication failure; logname= uid=0 euid=0 tty=ssh ruser= rhost=58.218.199.218  user=root
Feb 19 18:55:37 abhishekghosh sshd[5963]: Failed password for root from 58.218.199.218 port 17782 ssh2
Feb 19 18:55:41 abhishekghosh sshd[5963]: Failed password for root from 58.218.199.218 port 17782 ssh2
Feb 19 18:55:42 abhishekghosh sshd[5952]: Received signal 15; terminating.
Feb 19 18:55:42 abhishekghosh sshd[5965]: Server listening on 0.0.0.0 port 22.
Feb 19 18:55:42 abhishekghosh sshd[5965]: Server listening on :: port 22.
Feb 19 18:55:44 abhishekghosh sshd[5963]: Failed password for root from 58.218.199.218 port 17782 ssh2
Feb 19 18:55:44 abhishekghosh sshd[5963]: Received disconnect from 58.218.199.218: 11:  [preauth]
Feb 19 18:55:44 abhishekghosh sshd[5963]: PAM 2 more authentication failures; logname= uid=0 euid=0 tty=ssh ruser= rhost=58.218.199.218  user=root
Feb 19 18:55:48 abhishekghosh sshd[5966]: error: Could not load host key: /etc/ssh/ssh_host_ed25519_key
Feb 19 18:55:53 abhishekghosh sshd[5966]: pam_unix(sshd:auth): authentication failure; logname= uid=0 euid=0 tty=ssh ruser= rhost=116.31.116.11  user=root
Feb 19 18:55:55 abhishekghosh sshd[5966]: Failed password for root from 116.31.116.11 port 45882 ssh2
Feb 19 18:56:02 abhishekghosh sshd[5966]: message repeated 2 times: [ Failed password for root from 116.31.116.11 port 45882 ssh2]
Feb 19 18:56:02 abhishekghosh sshd[5966]: Received disconnect from 116.31.116.11: 11:  [preauth]
Feb 19 18:56:02 abhishekghosh sshd[5966]: PAM 2 more authentication failures; logname= uid=0 euid=0 tty=ssh ruser= rhost=116.31.116.11  user=root
Feb 19 18:56:03 abhishekghosh sshd[5970]: error: Could not load host key: /etc/ssh/ssh_host_ed25519_key
Feb 19 18:56:06 abhishekghosh sshd[5970]: pam_unix(sshd:auth): authentication failure; logname= uid=0 euid=0 tty=ssh ruser= rhost=58.218.199.218  user=root
Feb 19 18:56:08 abhishekghosh sshd[5970]: Failed password for root from 58.218.199.218 port 60684 ssh2
Feb 19 18:56:13 abhishekghosh sshd[5970]: message repeated 2 times: [ Failed password for root from 58.218.199.218 port 60684 ssh2]
Feb 19 18:56:13 abhishekghosh sshd[5970]: Received disconnect from 58.218.199.218: 11:  [preauth]
Feb 19 18:56:13 abhishekghosh sshd[5970]: PAM 2 more authentication failures; logname= uid=0 euid=0 tty=ssh ruser= rhost=58.218.199.218  user=root
Feb 19 18:56:24 abhishekghosh sshd[5972]: error: Could not load host key: /etc/ssh/ssh_host_ed25519_key
Feb 19 18:56:27 abhishekghosh sshd[5972]: pam_unix(sshd:auth): authentication failure; logname= uid=0 euid=0 tty=ssh ruser= rhost=116.31.116.11  user=root
Feb 19 18:56:29 abhishekghosh sshd[5972]: Failed password for root from 116.31.116.11 port 25937 ssh2
Feb 19 18:56:34 abhishekghosh sshd[5972]: message repeated 2 times: [ Failed password for root from 116.31.116.11 port 25937 ssh2]
Feb 19 18:56:34 abhishekghosh sshd[5972]: Received disconnect from 116.31.116.11: 11:  [preauth]
Feb 19 18:56:34 abhishekghosh sshd[5972]: PAM 2 more authentication failures; logname= uid=0 euid=0 tty=ssh ruser= rhost=116.31.116.11  user=root
Feb 19 18:56:38 abhishekghosh sshd[5974]: error: Could not load host key: /etc/ssh/ssh_host_ed25519_key
Feb 19 18:56:40 abhishekghosh sshd[5974]: pam_unix(sshd:auth): authentication failure; logname= uid=0 euid=0 tty=ssh ruser= rhost=58.218.199.218  user=root
Feb 19 18:56:43 abhishekghosh sshd[5974]: Failed password for root from 58.218.199.218 port 47903 ssh2
Feb 19 18:56:48 abhishekghosh sshd[5974]: message repeated 2 times: [ Failed password for root from 58.218.199.218 port 47903 ssh2]
Feb 19 18:56:48 abhishekghosh sshd[5974]: Received disconnect from 58.218.199.218: 11:  [preauth]
Feb 19 18:56:48 abhishekghosh sshd[5974]: PAM 2 more authentication failures; logname= uid=0 euid=0 tty=ssh ruser= rhost=58.218.199.218  user=root
Feb 19 18:57:01 abhishekghosh sshd[5976]: error: Could not load host key: /etc/ssh/ssh_host_ed25519_key
Feb 19 18:57:04 abhishekghosh sshd[5976]: pam_unix(sshd:auth): authentication failure; logname= uid=0 euid=0 tty=ssh ruser= rhost=116.31.116.11  user=root
Feb 19 18:57:06 abhishekghosh sshd[5976]: Failed password for root from 116.31.116.11 port 59849 ssh2
Feb 19 18:57:08 abhishekghosh sshd[5976]: Failed password for root from 116.31.116.11 port 59849 ssh2
Feb 19 18:57:12 abhishekghosh sshd[5978]: error: Could not load host key: /etc/ssh/ssh_host_ed25519_key
Feb 19 18:57:12 abhishekghosh sshd[5976]: Failed password for root from 116.31.116.11 port 59849 ssh2
Feb 19 18:57:12 abhishekghosh sshd[5976]: Received disconnect from 116.31.116.11: 11:  [preauth]
Feb 19 18:57:12 abhishekghosh sshd[5976]: PAM 2 more authentication failures; logname= uid=0 euid=0 tty=ssh ruser= rhost=116.31.116.11  user=root
Feb 19 18:57:12 abhishekghosh sshd[5965]: Received signal 15; terminating.
Feb 19 18:57:12 abhishekghosh sshd[5980]: Server listening on 0.0.0.0 port 22.
Feb 19 18:57:12 abhishekghosh sshd[5980]: Server listening on :: port 22.
Feb 19 18:57:16 abhishekghosh sshd[5978]: pam_unix(sshd:auth): authentication failure; logname= uid=0 euid=0 tty=ssh ruser= rhost=58.218.199.218  user=root
Feb 19 18:57:19 abhishekghosh sshd[5978]: Failed password for root from 58.218.199.218 port 31732 ssh2
Feb 19 18:57:24 abhishekghosh sshd[5978]: message repeated 2 times: [ Failed password for root from 58.218.199.218 port 31732 ssh2]
Feb 19 18:57:25 abhishekghosh sshd[5978]: Received disconnect from 58.218.199.218: 11:  [preauth]
Feb 19 18:57:25 abhishekghosh sshd[5978]: PAM 2 more authentication failures; logname= uid=0 euid=0 tty=ssh ruser= rhost=58.218.199.218  user=root
Feb 19 18:57:39 abhishekghosh sshd[5981]: error: Could not load host key: /etc/ssh/ssh_host_ed25519_key
Feb 19 18:57:48 abhishekghosh sshd[5981]: pam_unix(sshd:auth): authentication failure; logname= uid=0 euid=0 tty=ssh ruser= rhost=116.31.116.11  user=root
Feb 19 18:57:48 abhishekghosh sshd[5983]: error: Could not load host key: /etc/ssh/ssh_host_ed25519_key
Feb 19 18:57:49 abhishekghosh sshd[5981]: Failed password for root from 116.31.116.11 port 46086 ssh2
Feb 19 18:57:51 abhishekghosh sshd[5981]: Failed password for root from 116.31.116.11 port 46086 ssh2
Feb 19 18:57:54 abhishekghosh sshd[5983]: pam_unix(sshd:auth): authentication failure; logname= uid=0 euid=0 tty=ssh ruser= rhost=58.218.199.218  user=root
Feb 19 18:57:54 abhishekghosh sshd[5981]: Failed password for root from 116.31.116.11 port 46086 ssh2
Feb 19 18:57:54 abhishekghosh sshd[5981]: Received disconnect from 116.31.116.11: 11:  [preauth]
Feb 19 18:57:54 abhishekghosh sshd[5981]: PAM 2 more authentication failures; logname= uid=0 euid=0 tty=ssh ruser= rhost=116.31.116.11  user=root
Feb 19 18:57:56 abhishekghosh sshd[5983]: Failed password for root from 58.218.199.218 port 18505 ssh2
Feb 19 18:58:03 abhishekghosh sshd[5983]: message repeated 2 times: [ Failed password for root from 58.218.199.218 port 18505 ssh2]
Feb 19 18:58:03 abhishekghosh sshd[5983]: Received disconnect from 58.218.199.218: 11:  [preauth]
Feb 19 18:58:03 abhishekghosh sshd[5983]: PAM 2 more authentication failures; logname= uid=0 euid=0 tty=ssh ruser= rhost=58.218.199.218  user=root
Feb 19 18:58:16 abhishekghosh sshd[5985]: error: Could not load host key: /etc/ssh/ssh_host_ed25519_key
Feb 19 18:58:17 abhishekghosh sshd[5987]: error: Could not load host key: /etc/ssh/ssh_host_ed25519_key
Feb 19 18:58:17 abhishekghosh sshd[5985]: pam_unix(sshd:auth): authentication failure; logname= uid=0 euid=0 tty=ssh ruser= rhost=116.31.116.11  user=root
Feb 19 18:58:20 abhishekghosh sshd[5987]: pam_unix(sshd:auth): authentication failure; logname= uid=0 euid=0 tty=ssh ruser= rhost=58.218.199.218  user=root
Feb 19 18:58:20 abhishekghosh sshd[5985]: Failed password for root from 116.31.116.11 port 24521 ssh2
Feb 19 18:58:22 abhishekghosh sshd[5987]: Failed password for root from 58.218.199.218 port 58921 ssh2
Feb 19 18:58:23 abhishekghosh sshd[5985]: Failed password for root from 116.31.116.11 port 24521 ssh2
Feb 19 18:58:24 abhishekghosh sshd[5987]: Failed password for root from 58.218.199.218 port 58921 ssh2
Feb 19 18:58:25 abhishekghosh sshd[5985]: Failed password for root from 116.31.116.11 port 24521 ssh2
Feb 19 18:58:25 abhishekghosh sshd[5985]: Received disconnect from 116.31.116.11: 11:  [preauth]
Feb 19 18:58:25 abhishekghosh sshd[5985]: PAM 2 more authentication failures; logname= uid=0 euid=0 tty=ssh ruser= rhost=116.31.116.11  user=root
Feb 19 18:58:27 abhishekghosh sshd[5987]: Failed password for root from 58.218.199.218 port 58921 ssh2
Feb 19 18:58:27 abhishekghosh sshd[5987]: Received disconnect from 58.218.199.218: 11:  [preauth]
Feb 19 18:58:27 abhishekghosh sshd[5987]: PAM 2 more authentication failures; logname= uid=0 euid=0 tty=ssh ruser= rhost=58.218.199.218  user=root
Feb 19 18:58:43 abhishekghosh sshd[5980]: Received signal 15; terminating.
Feb 19 18:58:43 abhishekghosh sshd[5990]: Server listening on 0.0.0.0 port 22.
Feb 19 18:58:43 abhishekghosh sshd[5990]: Server listening on :: port 22.
Feb 19 18:58:49 abhishekghosh sshd[5993]: error: Could not load host key: /etc/ssh/ssh_host_ed25519_key
Feb 19 18:58:52 abhishekghosh sshd[5993]: pam_unix(sshd:auth): authentication failure; logname= uid=0 euid=0 tty=ssh ruser= rhost=58.218.199.218  user=root
Feb 19 18:58:52 abhishekghosh sshd[5995]: error: Could not load host key: /etc/ssh/ssh_host_ed25519_key
Feb 19 18:58:54 abhishekghosh sshd[5993]: Failed password for root from 58.218.199.218 port 34992 ssh2
Feb 19 18:58:54 abhishekghosh sshd[5995]: pam_unix(sshd:auth): authentication failure; logname= uid=0 euid=0 tty=ssh ruser= rhost=116.31.116.11  user=root
Feb 19 18:58:56 abhishekghosh sshd[5995]: Failed password for root from 116.31.116.11 port 57705 ssh2
Feb 19 18:58:56 abhishekghosh sshd[5993]: Failed password for root from 58.218.199.218 port 34992 ssh2
Feb 19 18:58:58 abhishekghosh sshd[5995]: Failed password for root from 116.31.116.11 port 57705 ssh2
Feb 19 18:58:59 abhishekghosh sshd[5993]: Failed password for root from 58.218.199.218 port 34992 ssh2
Feb 19 18:58:59 abhishekghosh sshd[5993]: Received disconnect from 58.218.199.218: 11:  [preauth]
Feb 19 18:58:59 abhishekghosh sshd[5993]: PAM 2 more authentication failures; logname= uid=0 euid=0 tty=ssh ruser= rhost=58.218.199.218  user=root
Feb 19 18:59:00 abhishekghosh sshd[5995]: Failed password for root from 116.31.116.11 port 57705 ssh2
Feb 19 18:59:00 abhishekghosh sshd[5995]: Received disconnect from 116.31.116.11: 11:  [preauth]
Feb 19 18:59:00 abhishekghosh sshd[5995]: PAM 2 more authentication failures; logname= uid=0 euid=0 tty=ssh ruser= rhost=116.31.116.11  user=root
Feb 19 18:59:01 abhishekghosh sshd[5998]: error: Could not load host key: /etc/ssh/ssh_host_ed25519_key
Feb 19 18:59:04 abhishekghosh sshd[5998]: Received disconnect from 221.194.44.219: 11:  [preauth]
Feb 19 18:59:21 abhishekghosh sshd[6000]: error: Could not load host key: /etc/ssh/ssh_host_ed25519_key
Feb 19 18:59:27 abhishekghosh sshd[6000]: pam_unix(sshd:auth): authentication failure; logname= uid=0 euid=0 tty=ssh ruser= rhost=58.218.199.218  user=root
Feb 19 18:59:29 abhishekghosh sshd[6000]: Failed password for root from 58.218.199.218 port 18997 ssh2
Feb 19 18:59:32 abhishekghosh sshd[6002]: error: Could not load host key: /etc/ssh/ssh_host_ed25519_key
Feb 19 18:59:32 abhishekghosh sshd[6000]: Failed password for root from 58.218.199.218 port 18997 ssh2
Feb 19 18:59:35 abhishekghosh sshd[6000]: Failed password for root from 58.218.199.218 port 18997 ssh2
Feb 19 18:59:35 abhishekghosh sshd[6000]: Received disconnect from 58.218.199.218: 11:  [preauth]
Feb 19 18:59:35 abhishekghosh sshd[6000]: PAM 2 more authentication failures; logname= uid=0 euid=0 tty=ssh ruser= rhost=58.218.199.218  user=root
Feb 19 18:59:40 abhishekghosh sshd[6002]: Received disconnect from 116.31.116.11: 11:  [preauth]
Feb 19 18:59:55 abhishekghosh sshd[6004]: error: Could not load host key: /etc/ssh/ssh_host_ed25519_key
Feb 19 19:00:05 abhishekghosh sshd[6006]: error: Could not load host key: /etc/ssh/ssh_host_ed25519_key
Feb 19 19:00:05 abhishekghosh sshd[6004]: pam_unix(sshd:auth): authentication failure; logname= uid=0 euid=0 tty=ssh ruser= rhost=58.218.199.218  user=root
Feb 19 19:00:07 abhishekghosh sshd[6004]: Failed password for root from 58.218.199.218 port 63143 ssh2
Feb 19 19:00:08 abhishekghosh sshd[6006]: pam_unix(sshd:auth): authentication failure; logname= uid=0 euid=0 tty=ssh ruser= rhost=116.31.116.11  user=root
Feb 19 19:00:10 abhishekghosh sshd[6004]: Failed password for root from 58.218.199.218 port 63143 ssh2
Feb 19 19:00:11 abhishekghosh sshd[6006]: Failed password for root from 116.31.116.11 port 12647 ssh2
Feb 19 19:00:12 abhishekghosh sshd[6004]: Failed password for root from 58.218.199.218 port 63143 ssh2
Feb 19 19:00:13 abhishekghosh sshd[6004]: Received disconnect from 58.218.199.218: 11:  [preauth]
Feb 19 19:00:13 abhishekghosh sshd[6004]: PAM 2 more authentication failures; logname= uid=0 euid=0 tty=ssh ruser= rhost=58.218.199.218  user=root
Feb 19 19:00:13 abhishekghosh sshd[6006]: Failed password for root from 116.31.116.11 port 12647 ssh2
Feb 19 19:00:13 abhishekghosh sshd[5990]: Received signal 15; terminating.
Feb 19 19:00:13 abhishekghosh sshd[6008]: Server listening on 0.0.0.0 port 22.
Feb 19 19:00:13 abhishekghosh sshd[6008]: Server listening on :: port 22.
Feb 19 19:00:15 abhishekghosh sshd[6006]: Failed password for root from 116.31.116.11 port 12647 ssh2
Feb 19 19:00:15 abhishekghosh sshd[6006]: Received disconnect from 116.31.116.11: 11:  [preauth]
Feb 19 19:00:15 abhishekghosh sshd[6006]: PAM 2 more authentication failures; logname= uid=0 euid=0 tty=ssh ruser= rhost=116.31.116.11  user=root
Feb 19 19:00:28 abhishekghosh sshd[6009]: error: Could not load host key: /etc/ssh/ssh_host_ed25519_key
Feb 19 19:00:31 abhishekghosh sshd[6009]: pam_unix(sshd:auth): authentication failure; logname= uid=0 euid=0 tty=ssh ruser= rhost=58.218.199.218  user=root
Feb 19 19:00:33 abhishekghosh sshd[6009]: Failed password for root from 58.218.199.218 port 48852 ssh2
Feb 19 19:00:37 abhishekghosh sshd[6009]: message repeated 2 times: [ Failed password for root from 58.218.199.218 port 48852 ssh2]
Feb 19 19:00:38 abhishekghosh sshd[6009]: Received disconnect from 58.218.199.218: 11:  [preauth]
Feb 19 19:00:38 abhishekghosh sshd[6009]: PAM 2 more authentication failures; logname= uid=0 euid=0 tty=ssh ruser= rhost=58.218.199.218  user=root
Feb 19 19:00:40 abhishekghosh sshd[6011]: error: Could not load host key: /etc/ssh/ssh_host_ed25519_key
Feb 19 19:00:42 abhishekghosh sshd[6013]: error: Could not load host key: /etc/ssh/ssh_host_ed25519_key
Feb 19 19:00:44 abhishekghosh sshd[6011]: Received disconnect from 121.18.238.114: 11:  [preauth]
Feb 19 19:00:48 abhishekghosh sshd[6013]: pam_unix(sshd:auth): authentication failure; logname= uid=0 euid=0 tty=ssh ruser= rhost=116.31.116.11  user=root
Feb 19 19:00:50 abhishekghosh sshd[6013]: Failed password for root from 116.31.116.11 port 51961 ssh2
Feb 19 19:00:52 abhishekghosh sshd[6015]: error: Could not load host key: /etc/ssh/ssh_host_ed25519_key
Feb 19 19:00:52 abhishekghosh sshd[6013]: Failed password for root from 116.31.116.11 port 51961 ssh2
Feb 19 19:00:54 abhishekghosh sshd[6013]: Failed password for root from 116.31.116.11 port 51961 ssh2
Feb 19 19:00:55 abhishekghosh sshd[6013]: Received disconnect from 116.31.116.11: 11:  [preauth]
Feb 19 19:00:55 abhishekghosh sshd[6013]: PAM 2 more authentication failures; logname= uid=0 euid=0 tty=ssh ruser= rhost=116.31.116.11  user=root
Feb 19 19:00:55 abhishekghosh sshd[6015]: Received disconnect from 119.249.54.71: 11:  [preauth]
Feb 19 19:01:02 abhishekghosh sshd[6017]: error: Could not load host key: /etc/ssh/ssh_host_ed25519_key
Feb 19 19:01:05 abhishekghosh sshd[6017]: pam_unix(sshd:auth): authentication failure; logname= uid=0 euid=0 tty=ssh ruser= rhost=58.218.199.218  user=root
Feb 19 19:01:06 abhishekghosh sshd[6017]: Failed password for root from 58.218.199.218 port 43643 ssh2
Feb 19 19:01:13 abhishekghosh sshd[6017]: message repeated 2 times: [ Failed password for root from 58.218.199.218 port 43643 ssh2]
Feb 19 19:01:13 abhishekghosh sshd[6017]: Received disconnect from 58.218.199.218: 11:  [preauth]
Feb 19 19:01:13 abhishekghosh sshd[6017]: PAM 2 more authentication failures; logname= uid=0 euid=0 tty=ssh ruser= rhost=58.218.199.218  user=root
Feb 19 19:01:18 abhishekghosh sshd[6019]: error: Could not load host key: /etc/ssh/ssh_host_ed25519_key
Feb 19 19:01:20 abhishekghosh sshd[6019]: pam_unix(sshd:auth): authentication failure; logname= uid=0 euid=0 tty=ssh ruser= rhost=116.31.116.11  user=root
Feb 19 19:01:22 abhishekghosh sshd[6019]: Failed password for root from 116.31.116.11 port 19398 ssh2
Feb 19 19:01:26 abhishekghosh sshd[6019]: message repeated 2 times: [ Failed password for root from 116.31.116.11 port 19398 ssh2]
Feb 19 19:01:27 abhishekghosh sshd[6019]: Received disconnect from 116.31.116.11: 11:  [preauth]
Feb 19 19:01:27 abhishekghosh sshd[6019]: PAM 2 more authentication failures; logname= uid=0 euid=0 tty=ssh ruser= rhost=116.31.116.11  user=root
Feb 19 19:01:32 abhishekghosh sshd[6021]: error: Could not load host key: /etc/ssh/ssh_host_ed25519_key
Feb 19 19:01:37 abhishekghosh sshd[6021]: pam_unix(sshd:auth): authentication failure; logname= uid=0 euid=0 tty=ssh ruser= rhost=58.218.199.218  user=root
Feb 19 19:01:39 abhishekghosh sshd[6021]: Failed password for root from 58.218.199.218 port 25294 ssh2
Feb 19 19:01:42 abhishekghosh sshd[6021]: Failed password for root from 58.218.199.218 port 25294 ssh2
Feb 19 19:01:44 abhishekghosh sshd[6008]: Received signal 15; terminating.
Feb 19 19:01:44 abhishekghosh sshd[6023]: Server listening on 0.0.0.0 port 22.
Feb 19 19:01:44 abhishekghosh sshd[6023]: Server listening on :: port 22.
Feb 19 19:01:45 abhishekghosh sshd[6021]: Failed password for root from 58.218.199.218 port 25294 ssh2
Feb 19 19:01:48 abhishekghosh sshd[6021]: Received disconnect from 58.218.199.218: 11:  [preauth]
Feb 19 19:01:48 abhishekghosh sshd[6021]: PAM 2 more authentication failures; logname= uid=0 euid=0 tty=ssh ruser= rhost=58.218.199.218  user=root
Feb 19 19:02:01 abhishekghosh sshd[6024]: error: Could not load host key: /etc/ssh/ssh_host_ed25519_key
Feb 19 19:02:05 abhishekghosh sshd[6026]: error: Could not load host key: /etc/ssh/ssh_host_ed25519_key
Feb 19 19:02:06 abhishekghosh sshd[6024]: pam_unix(sshd:auth): authentication failure; logname= uid=0 euid=0 tty=ssh ruser= rhost=116.31.116.11  user=root
Feb 19 19:02:07 abhishekghosh sshd[6024]: Failed password for root from 116.31.116.11 port 55613 ssh2
Feb 19 19:02:09 abhishekghosh sshd[6026]: pam_unix(sshd:auth): authentication failure; logname= uid=0 euid=0 tty=ssh ruser= rhost=58.218.199.218  user=root
Feb 19 19:02:10 abhishekghosh sshd[6024]: Failed password for root from 116.31.116.11 port 55613 ssh2
Feb 19 19:02:12 abhishekghosh sshd[6026]: Failed password for root from 58.218.199.218 port 13973 ssh2
Feb 19 19:02:13 abhishekghosh sshd[6024]: Failed password for root from 116.31.116.11 port 55613 ssh2
Feb 19 19:02:13 abhishekghosh sshd[6024]: Received disconnect from 116.31.116.11: 11:  [preauth]
Feb 19 19:02:13 abhishekghosh sshd[6024]: PAM 2 more authentication failures; logname= uid=0 euid=0 tty=ssh ruser= rhost=116.31.116.11  user=root
Feb 19 19:02:14 abhishekghosh sshd[6026]: Failed password for root from 58.218.199.218 port 13973 ssh2
Feb 19 19:02:18 abhishekghosh sshd[6026]: Failed password for root from 58.218.199.218 port 13973 ssh2
Feb 19 19:02:18 abhishekghosh sshd[6026]: Received disconnect from 58.218.199.218: 11:  [preauth]
Feb 19 19:02:18 abhishekghosh sshd[6026]: PAM 2 more authentication failures; logname= uid=0 euid=0 tty=ssh ruser= rhost=58.218.199.218  user=root
Feb 19 19:02:33 abhishekghosh sshd[6028]: error: Could not load host key: /etc/ssh/ssh_host_ed25519_key
Feb 19 19:02:36 abhishekghosh sshd[6028]: pam_unix(sshd:auth): authentication failure; logname= uid=0 euid=0 tty=ssh ruser= rhost=116.31.116.11  user=root
Feb 19 19:02:38 abhishekghosh sshd[6028]: Failed password for root from 116.31.116.11 port 25279 ssh2
Feb 19 19:02:39 abhishekghosh sshd[6030]: error: Could not load host key: /etc/ssh/ssh_host_ed25519_key
Feb 19 19:02:41 abhishekghosh sshd[6028]: Failed password for root from 116.31.116.11 port 25279 ssh2
Feb 19 19:02:41 abhishekghosh sshd[6030]: pam_unix(sshd:auth): authentication failure; logname= uid=0 euid=0 tty=ssh ruser= rhost=58.218.199.218  user=root
Feb 19 19:02:43 abhishekghosh sshd[6028]: Failed password for root from 116.31.116.11 port 25279 ssh2
Feb 19 19:02:44 abhishekghosh sshd[6030]: Failed password for root from 58.218.199.218 port 64657 ssh2
Feb 19 19:02:44 abhishekghosh sshd[6028]: Received disconnect from 116.31.116.11: 11:  [preauth]
Feb 19 19:02:44 abhishekghosh sshd[6028]: PAM 2 more authentication failures; logname= uid=0 euid=0 tty=ssh ruser= rhost=116.31.116.11  user=root
Feb 19 19:02:46 abhishekghosh sshd[6030]: Failed password for root from 58.218.199.218 port 64657 ssh2
Feb 19 19:02:49 abhishekghosh sshd[6030]: Failed password for root from 58.218.199.218 port 64657 ssh2
Feb 19 19:02:49 abhishekghosh sshd[6030]: Received disconnect from 58.218.199.218: 11:  [preauth]
Feb 19 19:02:49 abhishekghosh sshd[6030]: PAM 2 more authentication failures; logname= uid=0 euid=0 tty=ssh ruser= rhost=58.218.199.218  user=root
Feb 19 19:03:11 abhishekghosh sshd[6032]: error: Could not load host key: /etc/ssh/ssh_host_ed25519_key
Feb 19 19:03:13 abhishekghosh sshd[6034]: error: Could not load host key: /etc/ssh/ssh_host_ed25519_key
Feb 19 19:03:14 abhishekghosh sshd[6023]: Received signal 15; terminating.
Feb 19 19:03:14 abhishekghosh sshd[6036]: Server listening on 0.0.0.0 port 22.
Feb 19 19:03:14 abhishekghosh sshd[6036]: Server listening on :: port 22.
Feb 19 19:03:15 abhishekghosh sshd[6032]: pam_unix(sshd:auth): authentication failure; logname= uid=0 euid=0 tty=ssh ruser= rhost=116.31.116.11  user=root
Feb 19 19:03:16 abhishekghosh sshd[6034]: pam_unix(sshd:auth): authentication failure; logname= uid=0 euid=0 tty=ssh ruser= rhost=58.218.199.218  user=root
Feb 19 19:03:18 abhishekghosh sshd[6032]: Failed password for root from 116.31.116.11 port 58785 ssh2
Feb 19 19:03:18 abhishekghosh sshd[6034]: Failed password for root from 58.218.199.218 port 56054 ssh2
Feb 19 19:03:20 abhishekghosh sshd[6032]: Failed password for root from 116.31.116.11 port 58785 ssh2
Feb 19 19:03:20 abhishekghosh sshd[6034]: Failed password for root from 58.218.199.218 port 56054 ssh2
Feb 19 19:03:22 abhishekghosh sshd[6032]: Failed password for root from 116.31.116.11 port 58785 ssh2
Feb 19 19:03:23 abhishekghosh sshd[6034]: Failed password for root from 58.218.199.218 port 56054 ssh2
Feb 19 19:03:23 abhishekghosh sshd[6032]: Received disconnect from 116.31.116.11: 11:  [preauth]
Feb 19 19:03:23 abhishekghosh sshd[6032]: PAM 2 more authentication failures; logname= uid=0 euid=0 tty=ssh ruser= rhost=116.31.116.11  user=root
Feb 19 19:03:23 abhishekghosh sshd[6034]: Received disconnect from 58.218.199.218: 11:  [preauth]
Feb 19 19:03:23 abhishekghosh sshd[6034]: PAM 2 more authentication failures; logname= uid=0 euid=0 tty=ssh ruser= rhost=58.218.199.218  user=root
Feb 19 19:03:48 abhishekghosh sshd[6037]: error: Could not load host key: /etc/ssh/ssh_host_ed25519_key
Feb 19 19:03:49 abhishekghosh sshd[6039]: error: Could not load host key: /etc/ssh/ssh_host_ed25519_key
Feb 19 19:03:52 abhishekghosh sshd[6037]: pam_unix(sshd:auth): authentication failure; logname= uid=0 euid=0 tty=ssh ruser= rhost=58.218.199.218  user=root
Feb 19 19:03:54 abhishekghosh sshd[6037]: Failed password for root from 58.218.199.218 port 48591 ssh2
Feb 19 19:03:54 abhishekghosh sshd[6039]: pam_unix(sshd:auth): authentication failure; logname= uid=0 euid=0 tty=ssh ruser= rhost=116.31.116.11  user=root
Feb 19 19:03:56 abhishekghosh sshd[6039]: Failed password for root from 116.31.116.11 port 35950 ssh2
Feb 19 19:03:57 abhishekghosh sshd[6037]: Failed password for root from 58.218.199.218 port 48591 ssh2
Feb 19 19:03:59 abhishekghosh sshd[6039]: Failed password for root from 116.31.116.11 port 35950 ssh2
Feb 19 19:04:00 abhishekghosh sshd[6037]: Failed password for root from 58.218.199.218 port 48591 ssh2
Feb 19 19:04:01 abhishekghosh sshd[6037]: Received disconnect from 58.218.199.218: 11:  [preauth]
Feb 19 19:04:01 abhishekghosh sshd[6037]: PAM 2 more authentication failures; logname= uid=0 euid=0 tty=ssh ruser= rhost=58.218.199.218  user=root
Feb 19 19:04:02 abhishekghosh sshd[6039]: Failed password for root from 116.31.116.11 port 35950 ssh2
Feb 19 19:04:03 abhishekghosh sshd[6039]: Received disconnect from 116.31.116.11: 11:  [preauth]
Feb 19 19:04:03 abhishekghosh sshd[6039]: PAM 2 more authentication failures; logname= uid=0 euid=0 tty=ssh ruser= rhost=116.31.116.11  user=root
Feb 19 19:04:21 abhishekghosh sshd[6042]: error: Could not load host key: /etc/ssh/ssh_host_ed25519_key
Feb 19 19:04:24 abhishekghosh sshd[6042]: pam_unix(sshd:auth): authentication failure; logname= uid=0 euid=0 tty=ssh ruser= rhost=58.218.199.218  user=root
Feb 19 19:04:25 abhishekghosh sshd[6042]: Failed password for root from 58.218.199.218 port 47586 ssh2
Feb 19 19:04:26 abhishekghosh sshd[6044]: error: Could not load host key: /etc/ssh/ssh_host_ed25519_key
Feb 19 19:04:28 abhishekghosh sshd[6042]: Failed password for root from 58.218.199.218 port 47586 ssh2
Feb 19 19:04:29 abhishekghosh sshd[6042]: Failed password for root from 58.218.199.218 port 47586 ssh2
Feb 19 19:04:29 abhishekghosh sshd[6044]: pam_unix(sshd:auth): authentication failure; logname= uid=0 euid=0 tty=ssh ruser= rhost=116.31.116.11  user=root
Feb 19 19:04:30 abhishekghosh sshd[6042]: Received disconnect from 58.218.199.218: 11:  [preauth]
Feb 19 19:04:30 abhishekghosh sshd[6042]: PAM 2 more authentication failures; logname= uid=0 euid=0 tty=ssh ruser= rhost=58.218.199.218  user=root
Feb 19 19:04:32 abhishekghosh sshd[6044]: Failed password for root from 116.31.116.11 port 11749 ssh2
Feb 19 19:04:36 abhishekghosh sshd[6044]: message repeated 2 times: [ Failed password for root from 116.31.116.11 port 11749 ssh2]
Feb 19 19:04:36 abhishekghosh sshd[6044]: Received disconnect from 116.31.116.11: 11:  [preauth]
Feb 19 19:04:36 abhishekghosh sshd[6044]: PAM 2 more authentication failures; logname= uid=0 euid=0 tty=ssh ruser= rhost=116.31.116.11  user=root
Feb 19 19:04:45 abhishekghosh sshd[6036]: Received signal 15; terminating.
Feb 19 19:04:45 abhishekghosh sshd[6048]: Server listening on 0.0.0.0 port 22.
Feb 19 19:04:45 abhishekghosh sshd[6048]: Server listening on :: port 22.
Feb 19 19:04:54 abhishekghosh sshd[6051]: error: Could not load host key: /etc/ssh/ssh_host_ed25519_key
Feb 19 19:04:57 abhishekghosh sshd[6051]: pam_unix(sshd:auth): authentication failure; logname= uid=0 euid=0 tty=ssh ruser= rhost=58.218.199.218  user=root
Feb 19 19:04:59 abhishekghosh sshd[6051]: Failed password for root from 58.218.199.218 port 47421 ssh2
Feb 19 19:05:01 abhishekghosh sshd[6051]: Failed password for root from 58.218.199.218 port 47421 ssh2
Feb 19 19:05:02 abhishekghosh sshd[6053]: error: Could not load host key: /etc/ssh/ssh_host_ed25519_key
Feb 19 19:05:03 abhishekghosh sshd[6051]: Failed password for root from 58.218.199.218 port 47421 ssh2
Feb 19 19:05:03 abhishekghosh sshd[6051]: Received disconnect from 58.218.199.218: 11:  [preauth]
Feb 19 19:05:03 abhishekghosh sshd[6051]: PAM 2 more authentication failures; logname= uid=0 euid=0 tty=ssh ruser= rhost=58.218.199.218  user=root
Feb 19 19:05:05 abhishekghosh sshd[6053]: pam_unix(sshd:auth): authentication failure; logname= uid=0 euid=0 tty=ssh ruser= rhost=116.31.116.11  user=root
Feb 19 19:05:07 abhishekghosh sshd[6053]: Failed password for root from 116.31.116.11 port 44075 ssh2
Feb 19 19:05:08 abhishekghosh sshd[6055]: error: Could not load host key: /etc/ssh/ssh_host_ed25519_key
Feb 19 19:05:10 abhishekghosh sshd[6053]: Failed password for root from 116.31.116.11 port 44075 ssh2
Feb 19 19:05:10 abhishekghosh sshd[6055]: Received disconnect from 221.194.47.249: 11:  [preauth]
Feb 19 19:05:12 abhishekghosh sshd[6053]: Failed password for root from 116.31.116.11 port 44075 ssh2
Feb 19 19:05:12 abhishekghosh sshd[6053]: Received disconnect from 116.31.116.11: 11:  [preauth]
Feb 19 19:05:12 abhishekghosh sshd[6053]: PAM 2 more authentication failures; logname= uid=0 euid=0 tty=ssh ruser= rhost=116.31.116.11  user=root
Feb 19 19:05:29 abhishekghosh sshd[6057]: error: Could not load host key: /etc/ssh/ssh_host_ed25519_key
Feb 19 19:05:31 abhishekghosh sshd[6057]: pam_unix(sshd:auth): authentication failure; logname= uid=0 euid=0 tty=ssh ruser= rhost=58.218.199.218  user=root
Feb 19 19:05:33 abhishekghosh sshd[6057]: Failed password for root from 58.218.199.218 port 52190 ssh2
Feb 19 19:05:37 abhishekghosh sshd[6057]: message repeated 2 times: [ Failed password for root from 58.218.199.218 port 52190 ssh2]
Feb 19 19:05:38 abhishekghosh sshd[6057]: Received disconnect from 58.218.199.218: 11:  [preauth]
Feb 19 19:05:38 abhishekghosh sshd[6057]: PAM 2 more authentication failures; logname= uid=0 euid=0 tty=ssh ruser= rhost=58.218.199.218  user=root
Feb 19 19:05:39 abhishekghosh sshd[6059]: error: Could not load host key: /etc/ssh/ssh_host_ed25519_key
Feb 19 19:05:41 abhishekghosh sshd[6059]: pam_unix(sshd:auth): authentication failure; logname= uid=0 euid=0 tty=ssh ruser= rhost=116.31.116.11  user=root
Feb 19 19:05:43 abhishekghosh sshd[6059]: Failed password for root from 116.31.116.11 port 27704 ssh2
Feb 19 19:05:48 abhishekghosh sshd[6059]: message repeated 2 times: [ Failed password for root from 116.31.116.11 port 27704 ssh2]
Feb 19 19:05:49 abhishekghosh sshd[6059]: Received disconnect from 116.31.116.11: 11:  [preauth]
Feb 19 19:05:49 abhishekghosh sshd[6059]: PAM 2 more authentication failures; logname= uid=0 euid=0 tty=ssh ruser= rhost=116.31.116.11  user=root
Feb 19 19:06:02 abhishekghosh sshd[6061]: error: Could not load host key: /etc/ssh/ssh_host_ed25519_key
Feb 19 19:06:06 abhishekghosh sshd[6061]: pam_unix(sshd:auth): authentication failure; logname= uid=0 euid=0 tty=ssh ruser= rhost=58.218.199.218  user=root
Feb 19 19:06:08 abhishekghosh sshd[6061]: Failed password for root from 58.218.199.218 port 41153 ssh2
Feb 19 19:06:13 abhishekghosh sshd[6061]: message repeated 2 times: [ Failed password for root from 58.218.199.218 port 41153 ssh2]
Feb 19 19:06:14 abhishekghosh sshd[6063]: error: Could not load host key: /etc/ssh/ssh_host_ed25519_key
Feb 19 19:06:15 abhishekghosh sshd[6061]: Received disconnect from 58.218.199.218: 11:  [preauth]
Feb 19 19:06:15 abhishekghosh sshd[6061]: PAM 2 more authentication failures; logname= uid=0 euid=0 tty=ssh ruser= rhost=58.218.199.218  user=root
Feb 19 19:06:15 abhishekghosh sshd[6048]: Received signal 15; terminating.
Feb 19 19:06:15 abhishekghosh sshd[6065]: Server listening on 0.0.0.0 port 22.
Feb 19 19:06:15 abhishekghosh sshd[6065]: Server listening on :: port 22.
Feb 19 19:06:19 abhishekghosh sshd[6063]: pam_unix(sshd:auth): authentication failure; logname= uid=0 euid=0 tty=ssh ruser= rhost=116.31.116.11  user=root
Feb 19 19:06:21 abhishekghosh sshd[6063]: Failed password for root from 116.31.116.11 port 60504 ssh2
Feb 19 19:06:26 abhishekghosh sshd[6063]: message repeated 2 times: [ Failed password for root from 116.31.116.11 port 60504 ssh2]
Feb 19 19:06:26 abhishekghosh sshd[6063]: Received disconnect from 116.31.116.11: 11:  [preauth]
Feb 19 19:06:26 abhishekghosh sshd[6063]: PAM 2 more authentication failures; logname= uid=0 euid=0 tty=ssh ruser= rhost=116.31.116.11  user=root
Feb 19 19:06:35 abhishekghosh sshd[6066]: error: Could not load host key: /etc/ssh/ssh_host_ed25519_key
Feb 19 19:06:40 abhishekghosh sshd[6066]: pam_unix(sshd:auth): authentication failure; logname= uid=0 euid=0 tty=ssh ruser= rhost=58.218.199.218  user=root
Feb 19 19:06:41 abhishekghosh sshd[6066]: Failed password for root from 58.218.199.218 port 26208 ssh2
Feb 19 19:06:46 abhishekghosh sshd[6066]: message repeated 2 times: [ Failed password for root from 58.218.199.218 port 26208 ssh2]
Feb 19 19:06:46 abhishekghosh sshd[6066]: Received disconnect from 58.218.199.218: 11:  [preauth]
Feb 19 19:06:46 abhishekghosh sshd[6066]: PAM 2 more authentication failures; logname= uid=0 euid=0 tty=ssh ruser= rhost=58.218.199.218  user=root
Feb 19 19:06:50 abhishekghosh sshd[6068]: error: Could not load host key: /etc/ssh/ssh_host_ed25519_key
Feb 19 19:06:52 abhishekghosh sshd[6068]: pam_unix(sshd:auth): authentication failure; logname= uid=0 euid=0 tty=ssh ruser= rhost=116.31.116.11  user=root
Feb 19 19:06:54 abhishekghosh sshd[6068]: Failed password for root from 116.31.116.11 port 39611 ssh2
Feb 19 19:06:59 abhishekghosh sshd[6068]: message repeated 2 times: [ Failed password for root from 116.31.116.11 port 39611 ssh2]
Feb 19 19:07:00 abhishekghosh sshd[6068]: Received disconnect from 116.31.116.11: 11:  [preauth]
Feb 19 19:07:00 abhishekghosh sshd[6068]: PAM 2 more authentication failures; logname= uid=0 euid=0 tty=ssh ruser= rhost=116.31.116.11  user=root
Feb 19 19:07:09 abhishekghosh sshd[6070]: error: Could not load host key: /etc/ssh/ssh_host_ed25519_key
Feb 19 19:07:12 abhishekghosh sshd[6070]: pam_unix(sshd:auth): authentication failure; logname= uid=0 euid=0 tty=ssh ruser= rhost=58.218.199.218  user=root
Feb 19 19:07:14 abhishekghosh sshd[6070]: Failed password for root from 58.218.199.218 port 15105 ssh2
Feb 19 19:07:19 abhishekghosh sshd[6070]: message repeated 2 times: [ Failed password for root from 58.218.199.218 port 15105 ssh2]
Feb 19 19:07:20 abhishekghosh sshd[6070]: Received disconnect from 58.218.199.218: 11:  [preauth]
Feb 19 19:07:20 abhishekghosh sshd[6070]: PAM 2 more authentication failures; logname= uid=0 euid=0 tty=ssh ruser= rhost=58.218.199.218  user=root
Feb 19 19:07:27 abhishekghosh sshd[6072]: error: Could not load host key: /etc/ssh/ssh_host_ed25519_key
Feb 19 19:07:33 abhishekghosh sshd[6072]: Received disconnect from 116.31.116.11: 11:  [preauth]
Feb 19 19:07:42 abhishekghosh sshd[6074]: error: Could not load host key: /etc/ssh/ssh_host_ed25519_key
Feb 19 19:07:44 abhishekghosh sshd[6074]: pam_unix(sshd:auth): authentication failure; logname= uid=0 euid=0 tty=ssh ruser= rhost=58.218.199.218  user=root
Feb 19 19:07:46 abhishekghosh sshd[6065]: Received signal 15; terminating.
Feb 19 19:07:46 abhishekghosh sshd[6076]: Server listening on 0.0.0.0 port 22.
Feb 19 19:07:46 abhishekghosh sshd[6076]: Server listening on :: port 22.
Feb 19 19:07:47 abhishekghosh sshd[6074]: Failed password for root from 58.218.199.218 port 57133 ssh2
Feb 19 19:07:52 abhishekghosh sshd[6074]: message repeated 2 times: [ Failed password for root from 58.218.199.218 port 57133 ssh2]
Feb 19 19:07:52 abhishekghosh sshd[6074]: Received disconnect from 58.218.199.218: 11:  [preauth]
Feb 19 19:07:52 abhishekghosh sshd[6074]: PAM 2 more authentication failures; logname= uid=0 euid=0 tty=ssh ruser= rhost=58.218.199.218  user=root
Feb 19 19:08:05 abhishekghosh sshd[6077]: error: Could not load host key: /etc/ssh/ssh_host_ed25519_key
Feb 19 19:08:12 abhishekghosh sshd[6077]: pam_unix(sshd:auth): authentication failure; logname= uid=0 euid=0 tty=ssh ruser= rhost=116.31.116.11  user=root
Feb 19 19:08:14 abhishekghosh sshd[6077]: Failed password for root from 116.31.116.11 port 49892 ssh2
Feb 19 19:08:14 abhishekghosh sshd[6079]: error: Could not load host key: /etc/ssh/ssh_host_ed25519_key
Feb 19 19:08:16 abhishekghosh sshd[6077]: Failed password for root from 116.31.116.11 port 49892 ssh2
Feb 19 19:08:18 abhishekghosh sshd[6079]: pam_unix(sshd:auth): authentication failure; logname= uid=0 euid=0 tty=ssh ruser= rhost=58.218.199.218  user=root
Feb 19 19:08:19 abhishekghosh sshd[6077]: Failed password for root from 116.31.116.11 port 49892 ssh2
Feb 19 19:08:19 abhishekghosh sshd[6077]: Received disconnect from 116.31.116.11: 11:  [preauth]
Feb 19 19:08:19 abhishekghosh sshd[6077]: PAM 2 more authentication failures; logname= uid=0 euid=0 tty=ssh ruser= rhost=116.31.116.11  user=root
Feb 19 19:08:20 abhishekghosh sshd[6079]: Failed password for root from 58.218.199.218 port 40236 ssh2
Feb 19 19:08:26 abhishekghosh sshd[6079]: message repeated 2 times: [ Failed password for root from 58.218.199.218 port 40236 ssh2]
Feb 19 19:08:26 abhishekghosh sshd[6079]: Received disconnect from 58.218.199.218: 11:  [preauth]
Feb 19 19:08:26 abhishekghosh sshd[6079]: PAM 2 more authentication failures; logname= uid=0 euid=0 tty=ssh ruser= rhost=58.218.199.218  user=root
Feb 19 19:08:42 abhishekghosh sshd[6081]: error: Could not load host key: /etc/ssh/ssh_host_ed25519_key
Feb 19 19:08:48 abhishekghosh sshd[6083]: error: Could not load host key: /etc/ssh/ssh_host_ed25519_key
Feb 19 19:08:51 abhishekghosh sshd[6081]: Received disconnect from 116.31.116.11: 11:  [preauth]
Feb 19 19:08:52 abhishekghosh sshd[6083]: pam_unix(sshd:auth): authentication failure; logname= uid=0 euid=0 tty=ssh ruser= rhost=58.218.199.218  user=root
Feb 19 19:08:54 abhishekghosh sshd[6083]: Failed password for root from 58.218.199.218 port 29995 ssh2
Feb 19 19:08:59 abhishekghosh sshd[6083]: message repeated 2 times: [ Failed password for root from 58.218.199.218 port 29995 ssh2]
Feb 19 19:08:59 abhishekghosh sshd[6083]: Received disconnect from 58.218.199.218: 11:  [preauth]
Feb 19 19:08:59 abhishekghosh sshd[6083]: PAM 2 more authentication failures; logname= uid=0 euid=0 tty=ssh ruser= rhost=58.218.199.218  user=root
Feb 19 19:09:01 abhishekghosh CRON[6085]: pam_unix(cron:session): session opened for user root by (uid=0)
Feb 19 19:09:01 abhishekghosh CRON[6085]: pam_unix(cron:session): session closed for user root
Feb 19 19:09:16 abhishekghosh sshd[6076]: Received signal 15; terminating.
Feb 19 19:09:16 abhishekghosh sshd[6129]: Server listening on 0.0.0.0 port 22.
Feb 19 19:09:16 abhishekghosh sshd[6129]: Server listening on :: port 22.
Feb 19 19:09:18 abhishekghosh sshd[6132]: error: Could not load host key: /etc/ssh/ssh_host_ed25519_key
Feb 19 19:09:22 abhishekghosh sshd[6134]: error: Could not load host key: /etc/ssh/ssh_host_ed25519_key
Feb 19 19:09:24 abhishekghosh sshd[6132]: pam_unix(sshd:auth): authentication failure; logname= uid=0 euid=0 tty=ssh ruser= rhost=116.31.116.11  user=root
Feb 19 19:09:25 abhishekghosh sshd[6134]: pam_unix(sshd:auth): authentication failure; logname= uid=0 euid=0 tty=ssh ruser= rhost=58.218.199.218  user=root
Feb 19 19:09:26 abhishekghosh sshd[6132]: Failed password for root from 116.31.116.11 port 13262 ssh2
Feb 19 19:09:27 abhishekghosh sshd[6134]: Failed password for root from 58.218.199.218 port 18812 ssh2
Feb 19 19:09:29 abhishekghosh sshd[6132]: Failed password for root from 116.31.116.11 port 13262 ssh2
Feb 19 19:09:30 abhishekghosh sshd[6134]: Failed password for root from 58.218.199.218 port 18812 ssh2
Feb 19 19:09:31 abhishekghosh sshd[6132]: Failed password for root from 116.31.116.11 port 13262 ssh2
Feb 19 19:09:32 abhishekghosh sshd[6132]: Received disconnect from 116.31.116.11: 11:  [preauth]
Feb 19 19:09:32 abhishekghosh sshd[6132]: PAM 2 more authentication failures; logname= uid=0 euid=0 tty=ssh ruser= rhost=116.31.116.11  user=root
Feb 19 19:09:32 abhishekghosh sshd[6134]: Failed password for root from 58.218.199.218 port 18812 ssh2
Feb 19 19:09:33 abhishekghosh sshd[6134]: Received disconnect from 58.218.199.218: 11:  [preauth]
Feb 19 19:09:33 abhishekghosh sshd[6134]: PAM 2 more authentication failures; logname= uid=0 euid=0 tty=ssh ruser= rhost=58.218.199.218  user=root
Feb 19 19:09:55 abhishekghosh sshd[6136]: error: Could not load host key: /etc/ssh/ssh_host_ed25519_key
Feb 19 19:09:55 abhishekghosh sshd[6138]: error: Could not load host key: /etc/ssh/ssh_host_ed25519_key
Feb 19 19:10:00 abhishekghosh sshd[6136]: pam_unix(sshd:auth): authentication failure; logname= uid=0 euid=0 tty=ssh ruser= rhost=116.31.116.11  user=root
Feb 19 19:10:00 abhishekghosh sshd[6138]: pam_unix(sshd:auth): authentication failure; logname= uid=0 euid=0 tty=ssh ruser= rhost=58.218.199.218  user=root
Feb 19 19:10:02 abhishekghosh sshd[6136]: Failed password for root from 116.31.116.11 port 42826 ssh2
Feb 19 19:10:02 abhishekghosh sshd[6138]: Failed password for root from 58.218.199.218 port 52506 ssh2
Feb 19 19:10:04 abhishekghosh sshd[6136]: Failed password for root from 116.31.116.11 port 42826 ssh2
Feb 19 19:10:05 abhishekghosh sshd[6138]: Failed password for root from 58.218.199.218 port 52506 ssh2
Feb 19 19:10:07 abhishekghosh sshd[6136]: Failed password for root from 116.31.116.11 port 42826 ssh2
Feb 19 19:10:07 abhishekghosh sshd[6136]: Received disconnect from 116.31.116.11: 11:  [preauth]
Feb 19 19:10:07 abhishekghosh sshd[6136]: PAM 2 more authentication failures; logname= uid=0 euid=0 tty=ssh ruser= rhost=116.31.116.11  user=root
Feb 19 19:10:07 abhishekghosh sshd[6138]: Failed password for root from 58.218.199.218 port 52506 ssh2
Feb 19 19:10:07 abhishekghosh sshd[6138]: Received disconnect from 58.218.199.218: 11:  [preauth]
Feb 19 19:10:07 abhishekghosh sshd[6138]: PAM 2 more authentication failures; logname= uid=0 euid=0 tty=ssh ruser= rhost=58.218.199.218  user=root
Feb 19 19:10:16 abhishekghosh sshd[6140]: error: Could not load host key: /etc/ssh/ssh_host_ed25519_key
Feb 19 19:10:19 abhishekghosh sshd[6140]: Invalid user linux from 221.215.160.138
Feb 19 19:10:19 abhishekghosh sshd[6140]: input_userauth_request: invalid user linux [preauth]
Feb 19 19:10:19 abhishekghosh sshd[6140]: pam_unix(sshd:auth): check pass; user unknown
Feb 19 19:10:19 abhishekghosh sshd[6140]: pam_unix(sshd:auth): authentication failure; logname= uid=0 euid=0 tty=ssh ruser= rhost=221.215.160.138
Feb 19 19:10:21 abhishekghosh sshd[6140]: Failed password for invalid user linux from 221.215.160.138 port 16533 ssh2
Feb 19 19:10:21 abhishekghosh sshd[6140]: pam_unix(sshd:auth): check pass; user unknown
Feb 19 19:10:23 abhishekghosh sshd[6140]: Failed password for invalid user linux from 221.215.160.138 port 16533 ssh2
Feb 19 19:10:24 abhishekghosh sshd[6140]: pam_unix(sshd:auth): check pass; user unknown
Feb 19 19:10:26 abhishekghosh sshd[6140]: Failed password for invalid user linux from 221.215.160.138 port 16533 ssh2
Feb 19 19:10:26 abhishekghosh sshd[6140]: Connection closed by 221.215.160.138 [preauth]
Feb 19 19:10:26 abhishekghosh sshd[6140]: PAM 2 more authentication failures; logname= uid=0 euid=0 tty=ssh ruser= rhost=221.215.160.138
Feb 19 19:10:30 abhishekghosh sshd[6142]: error: Could not load host key: /etc/ssh/ssh_host_ed25519_key
Feb 19 19:10:33 abhishekghosh sshd[6144]: error: Could not load host key: /etc/ssh/ssh_host_ed25519_key
Feb 19 19:10:34 abhishekghosh sshd[6142]: pam_unix(sshd:auth): authentication failure; logname= uid=0 euid=0 tty=ssh ruser= rhost=58.218.199.218  user=root
Feb 19 19:10:35 abhishekghosh sshd[6144]: pam_unix(sshd:auth): authentication failure; logname= uid=0 euid=0 tty=ssh ruser= rhost=116.31.116.11  user=root
Feb 19 19:10:36 abhishekghosh sshd[6142]: Failed password for root from 58.218.199.218 port 41999 ssh2
Feb 19 19:10:37 abhishekghosh sshd[6144]: Failed password for root from 116.31.116.11 port 26177 ssh2
Feb 19 19:10:39 abhishekghosh sshd[6142]: Failed password for root from 58.218.199.218 port 41999 ssh2
Feb 19 19:10:40 abhishekghosh sshd[6144]: Failed password for root from 116.31.116.11 port 26177 ssh2
Feb 19 19:10:41 abhishekghosh sshd[6142]: Failed password for root from 58.218.199.218 port 41999 ssh2
Feb 19 19:10:41 abhishekghosh sshd[6144]: Failed password for root from 116.31.116.11 port 26177 ssh2
Feb 19 19:10:42 abhishekghosh sshd[6142]: Received disconnect from 58.218.199.218: 11:  [preauth]
Feb 19 19:10:42 abhishekghosh sshd[6142]: PAM 2 more authentication failures; logname= uid=0 euid=0 tty=ssh ruser= rhost=58.218.199.218  user=root
Feb 19 19:10:42 abhishekghosh sshd[6144]: Received disconnect from 116.31.116.11: 11:  [preauth]
Feb 19 19:10:42 abhishekghosh sshd[6144]: PAM 2 more authentication failures; logname= uid=0 euid=0 tty=ssh ruser= rhost=116.31.116.11  user=root
Feb 19 19:10:47 abhishekghosh sshd[6129]: Received signal 15; terminating.
Feb 19 19:10:47 abhishekghosh sshd[6148]: Server listening on 0.0.0.0 port 22.
Feb 19 19:10:47 abhishekghosh sshd[6148]: Server listening on :: port 22.
Feb 19 19:11:02 abhishekghosh sshd[6151]: error: Could not load host key: /etc/ssh/ssh_host_ed25519_key
Feb 19 19:11:05 abhishekghosh sshd[6151]: pam_unix(sshd:auth): authentication failure; logname= uid=0 euid=0 tty=ssh ruser= rhost=58.218.199.218  user=root
Feb 19 19:11:06 abhishekghosh sshd[6151]: Failed password for root from 58.218.199.218 port 30808 ssh2
Feb 19 19:11:09 abhishekghosh sshd[6153]: error: Could not load host key: /etc/ssh/ssh_host_ed25519_key
